Archive member included because of file (symbol)

f:/dev/gcc-arm/4.8-2014q2/bin/../lib/gcc/arm-none-eabi/4.8.4/../../../../arm-none-eabi/lib/armv7e-m/fpu\libg.a(lib_a-memcpy.o)
                              ..\obj\queue.o (memcpy)

Discarded input sections

 .text          0x00000000        0x0 ..\obj\startup_stm32f4xx.o
 .data          0x00000000        0x0 ..\obj\startup_stm32f4xx.o
 .bss           0x00000000        0x0 ..\obj\startup_stm32f4xx.o
 .text          0x00000000        0x0 ..\obj\main.o
 .data          0x00000000        0x0 ..\obj\main.o
 .bss           0x00000000        0x0 ..\obj\main.o
 .text.Out_Data_SPI2
                0x00000000       0x40 ..\obj\main.o
 .text          0x00000000        0x0 ..\obj\stm32f4xx_rcc.o
 .data          0x00000000       0x10 ..\obj\stm32f4xx_rcc.o
 .bss           0x00000000        0x0 ..\obj\stm32f4xx_rcc.o
 .text.RCC_DeInit
                0x00000000       0x50 ..\obj\stm32f4xx_rcc.o
 .text.RCC_AdjustHSICalibrationValue
                0x00000000       0x3c ..\obj\stm32f4xx_rcc.o
 .text.RCC_HSICmd
                0x00000000       0x20 ..\obj\stm32f4xx_rcc.o
 .text.RCC_LSEConfig
                0x00000000       0x40 ..\obj\stm32f4xx_rcc.o
 .text.RCC_LSICmd
                0x00000000       0x20 ..\obj\stm32f4xx_rcc.o
 .text.RCC_PLLConfig
                0x00000000       0x3c ..\obj\stm32f4xx_rcc.o
 .text.RCC_PLLCmd
                0x00000000       0x20 ..\obj\stm32f4xx_rcc.o
 .text.RCC_PLLI2SConfig
                0x00000000       0x28 ..\obj\stm32f4xx_rcc.o
 .text.RCC_PLLI2SCmd
                0x00000000       0x20 ..\obj\stm32f4xx_rcc.o
 .text.RCC_ClockSecuritySystemCmd
                0x00000000       0x20 ..\obj\stm32f4xx_rcc.o
 .text.RCC_MCO1Config
                0x00000000       0x3c ..\obj\stm32f4xx_rcc.o
 .text.RCC_MCO2Config
                0x00000000       0x3c ..\obj\stm32f4xx_rcc.o
 .text.RCC_SYSCLKConfig
                0x00000000       0x38 ..\obj\stm32f4xx_rcc.o
 .text.RCC_GetSYSCLKSource
                0x00000000       0x20 ..\obj\stm32f4xx_rcc.o
 .text.RCC_HCLKConfig
                0x00000000       0x38 ..\obj\stm32f4xx_rcc.o
 .text.RCC_PCLK1Config
                0x00000000       0x38 ..\obj\stm32f4xx_rcc.o
 .text.RCC_PCLK2Config
                0x00000000       0x38 ..\obj\stm32f4xx_rcc.o
 .text.RCC_GetClocksFreq
                0x00000000      0x154 ..\obj\stm32f4xx_rcc.o
 .text.RCC_RTCCLKConfig
                0x00000000       0x5c ..\obj\stm32f4xx_rcc.o
 .text.RCC_RTCCLKCmd
                0x00000000       0x20 ..\obj\stm32f4xx_rcc.o
 .text.RCC_BackupResetCmd
                0x00000000       0x20 ..\obj\stm32f4xx_rcc.o
 .text.RCC_I2SCLKConfig
                0x00000000       0x1c ..\obj\stm32f4xx_rcc.o
 .text.RCC_AHB2PeriphClockCmd
                0x00000000       0x3c ..\obj\stm32f4xx_rcc.o
 .text.RCC_AHB3PeriphClockCmd
                0x00000000       0x3c ..\obj\stm32f4xx_rcc.o
 .text.RCC_APB2PeriphClockCmd
                0x00000000       0x3c ..\obj\stm32f4xx_rcc.o
 .text.RCC_AHB1PeriphResetCmd
                0x00000000       0x3c ..\obj\stm32f4xx_rcc.o
 .text.RCC_AHB2PeriphResetCmd
                0x00000000       0x3c ..\obj\stm32f4xx_rcc.o
 .text.RCC_AHB3PeriphResetCmd
                0x00000000       0x3c ..\obj\stm32f4xx_rcc.o
 .text.RCC_AHB1PeriphClockLPModeCmd
                0x00000000       0x3c ..\obj\stm32f4xx_rcc.o
 .text.RCC_AHB2PeriphClockLPModeCmd
                0x00000000       0x3c ..\obj\stm32f4xx_rcc.o
 .text.RCC_AHB3PeriphClockLPModeCmd
                0x00000000       0x3c ..\obj\stm32f4xx_rcc.o
 .text.RCC_APB1PeriphClockLPModeCmd
                0x00000000       0x3c ..\obj\stm32f4xx_rcc.o
 .text.RCC_APB2PeriphClockLPModeCmd
                0x00000000       0x3c ..\obj\stm32f4xx_rcc.o
 .text.RCC_ITConfig
                0x00000000       0x48 ..\obj\stm32f4xx_rcc.o
 .text.RCC_ClearFlag
                0x00000000       0x1c ..\obj\stm32f4xx_rcc.o
 .text.RCC_GetITStatus
                0x00000000       0x38 ..\obj\stm32f4xx_rcc.o
 .text.RCC_ClearITPendingBit
                0x00000000       0x20 ..\obj\stm32f4xx_rcc.o
 .text          0x00000000        0x0 ..\obj\timers.o
 .data          0x00000000        0x0 ..\obj\timers.o
 .bss           0x00000000        0x0 ..\obj\timers.o
 .debug_info    0x00000000       0x6e ..\obj\timers.o
 .debug_abbrev  0x00000000       0x24 ..\obj\timers.o
 .debug_aranges
                0x00000000       0x18 ..\obj\timers.o
 .debug_line    0x00000000       0x1d ..\obj\timers.o
 .debug_str     0x00000000      0x178 ..\obj\timers.o
 .comment       0x00000000       0x71 ..\obj\timers.o
 .ARM.attributes
                0x00000000       0x39 ..\obj\timers.o
 .text          0x00000000        0x0 ..\obj\tasks.o
 .text.vTaskEndScheduler
                0x00000000       0x18 ..\obj\tasks.o
 .text.xTaskGetTickCount
                0x00000000       0x24 ..\obj\tasks.o
 .text.xTaskGetTickCountFromISR
                0x00000000       0x28 ..\obj\tasks.o
 .text.uxTaskGetNumberOfTasks
                0x00000000       0x18 ..\obj\tasks.o
 .text.vTaskPlaceOnEventList
                0x00000000       0x64 ..\obj\tasks.o
 .text.vTaskPlaceOnUnorderedEventList
                0x00000000       0x74 ..\obj\tasks.o
 .text.xTaskRemoveFromEventList
                0x00000000       0xa8 ..\obj\tasks.o
 .text.xTaskRemoveFromUnorderedEventList
                0x00000000       0x90 ..\obj\tasks.o
 .text.vTaskSetTimeOutState
                0x00000000       0x2c ..\obj\tasks.o
 .text.xTaskCheckForTimeOut
                0x00000000       0x78 ..\obj\tasks.o
 .text.vTaskMissedYield
                0x00000000       0x18 ..\obj\tasks.o
 .text.xTaskGetCurrentTaskHandle
                0x00000000       0x20 ..\obj\tasks.o
 .text.vTaskPriorityInherit
                0x00000000       0xec ..\obj\tasks.o
 .text.xTaskPriorityDisinherit
                0x00000000       0xc8 ..\obj\tasks.o
 .text.uxTaskResetEventItemValue
                0x00000000       0x30 ..\obj\tasks.o
 .text.pvTaskIncrementMutexHeldCount
                0x00000000       0x28 ..\obj\tasks.o
 .text          0x00000000        0x0 ..\obj\stm32f4xx_gpio.o
 .data          0x00000000        0x0 ..\obj\stm32f4xx_gpio.o
 .bss           0x00000000        0x0 ..\obj\stm32f4xx_gpio.o
 .text.GPIO_DeInit
                0x00000000      0x120 ..\obj\stm32f4xx_gpio.o
 .text.GPIO_StructInit
                0x00000000       0x34 ..\obj\stm32f4xx_gpio.o
 .text.GPIO_PinLockConfig
                0x00000000       0x44 ..\obj\stm32f4xx_gpio.o
 .text.GPIO_ReadInputDataBit
                0x00000000       0x34 ..\obj\stm32f4xx_gpio.o
 .text.GPIO_ReadInputData
                0x00000000       0x1c ..\obj\stm32f4xx_gpio.o
 .text.GPIO_ReadOutputDataBit
                0x00000000       0x34 ..\obj\stm32f4xx_gpio.o
 .text.GPIO_ReadOutputData
                0x00000000       0x1c ..\obj\stm32f4xx_gpio.o
 .text.GPIO_WriteBit
                0x00000000       0x30 ..\obj\stm32f4xx_gpio.o
 .text.GPIO_Write
                0x00000000       0x1c ..\obj\stm32f4xx_gpio.o
 .text.GPIO_ToggleBits
                0x00000000       0x24 ..\obj\stm32f4xx_gpio.o
 .text          0x00000000        0x0 ..\obj\stm32f4xx_flash.o
 .data          0x00000000        0x0 ..\obj\stm32f4xx_flash.o
 .bss           0x00000000        0x0 ..\obj\stm32f4xx_flash.o
 .text.FLASH_SetLatency
                0x00000000       0x20 ..\obj\stm32f4xx_flash.o
 .text.FLASH_PrefetchBufferCmd
                0x00000000       0x38 ..\obj\stm32f4xx_flash.o
 .text.FLASH_InstructionCacheCmd
                0x00000000       0x38 ..\obj\stm32f4xx_flash.o
 .text.FLASH_DataCacheCmd
                0x00000000       0x38 ..\obj\stm32f4xx_flash.o
 .text.FLASH_InstructionCacheReset
                0x00000000       0x1c ..\obj\stm32f4xx_flash.o
 .text.FLASH_DataCacheReset
                0x00000000       0x1c ..\obj\stm32f4xx_flash.o
 .text.FLASH_Unlock
                0x00000000       0x2c ..\obj\stm32f4xx_flash.o
 .text.FLASH_Lock
                0x00000000       0x1c ..\obj\stm32f4xx_flash.o
 .text.FLASH_EraseSector
                0x00000000       0xc0 ..\obj\stm32f4xx_flash.o
 .text.FLASH_EraseAllSectors
                0x00000000       0xa0 ..\obj\stm32f4xx_flash.o
 .text.FLASH_ProgramDoubleWord
                0x00000000       0x70 ..\obj\stm32f4xx_flash.o
 .text.FLASH_ProgramWord
                0x00000000       0x68 ..\obj\stm32f4xx_flash.o
 .text.FLASH_ProgramHalfWord
                0x00000000       0x6c ..\obj\stm32f4xx_flash.o
 .text.FLASH_ProgramByte
                0x00000000       0x68 ..\obj\stm32f4xx_flash.o
 .text.FLASH_OB_Unlock
                0x00000000       0x30 ..\obj\stm32f4xx_flash.o
 .text.FLASH_OB_Lock
                0x00000000       0x1c ..\obj\stm32f4xx_flash.o
 .text.FLASH_OB_WRPConfig
                0x00000000       0x58 ..\obj\stm32f4xx_flash.o
 .text.FLASH_OB_RDPConfig
                0x00000000       0x2c ..\obj\stm32f4xx_flash.o
 .text.FLASH_OB_UserConfig
                0x00000000       0x58 ..\obj\stm32f4xx_flash.o
 .text.FLASH_OB_BORConfig
                0x00000000       0x38 ..\obj\stm32f4xx_flash.o
 .text.FLASH_OB_Launch
                0x00000000       0x30 ..\obj\stm32f4xx_flash.o
 .text.FLASH_OB_GetUser
                0x00000000       0x1c ..\obj\stm32f4xx_flash.o
 .text.FLASH_OB_GetWRP
                0x00000000       0x18 ..\obj\stm32f4xx_flash.o
 .text.FLASH_OB_GetRDP
                0x00000000       0x30 ..\obj\stm32f4xx_flash.o
 .text.FLASH_OB_GetBOR
                0x00000000       0x20 ..\obj\stm32f4xx_flash.o
 .text.FLASH_ITConfig
                0x00000000       0x3c ..\obj\stm32f4xx_flash.o
 .text.FLASH_GetFlagStatus
                0x00000000       0x34 ..\obj\stm32f4xx_flash.o
 .text.FLASH_ClearFlag
                0x00000000       0x1c ..\obj\stm32f4xx_flash.o
 .text.FLASH_GetStatus
                0x00000000       0x68 ..\obj\stm32f4xx_flash.o
 .text.FLASH_WaitForLastOperation
                0x00000000       0x30 ..\obj\stm32f4xx_flash.o
 .debug_info    0x00000000      0x71b ..\obj\stm32f4xx_flash.o
 .debug_abbrev  0x00000000      0x1ae ..\obj\stm32f4xx_flash.o
 .debug_aranges
                0x00000000      0x108 ..\obj\stm32f4xx_flash.o
 .debug_ranges  0x00000000       0xf8 ..\obj\stm32f4xx_flash.o
 .debug_line    0x00000000      0x480 ..\obj\stm32f4xx_flash.o
 .debug_str     0x00000000      0x5be ..\obj\stm32f4xx_flash.o
 .comment       0x00000000       0x71 ..\obj\stm32f4xx_flash.o
 .ARM.attributes
                0x00000000       0x39 ..\obj\stm32f4xx_flash.o
 .debug_frame   0x00000000      0x360 ..\obj\stm32f4xx_flash.o
 .text          0x00000000        0x0 ..\obj\list.o
 .data          0x00000000        0x0 ..\obj\list.o
 .bss           0x00000000        0x0 ..\obj\list.o
 .text          0x00000000        0x0 ..\obj\system_stm32f4xx.o
 .data          0x00000000       0x14 ..\obj\system_stm32f4xx.o
 .bss           0x00000000        0x0 ..\obj\system_stm32f4xx.o
 .text.SystemCoreClockUpdate
                0x00000000       0xf8 ..\obj\system_stm32f4xx.o
 .text          0x00000000        0x0 ..\obj\syscalls.o
 .data          0x00000000        0x0 ..\obj\syscalls.o
 .bss           0x00000000        0x4 ..\obj\syscalls.o
 .text._sbrk    0x00000000       0x40 ..\obj\syscalls.o
 .text.link     0x00000000       0x1c ..\obj\syscalls.o
 .text._close   0x00000000       0x18 ..\obj\syscalls.o
 .text._fstat   0x00000000       0x20 ..\obj\syscalls.o
 .text._isatty  0x00000000       0x18 ..\obj\syscalls.o
 .text._lseek   0x00000000       0x1c ..\obj\syscalls.o
 .text._read    0x00000000       0x1c ..\obj\syscalls.o
 .text._write   0x00000000       0x1c ..\obj\syscalls.o
 .text.abort    0x00000000        0x8 ..\obj\syscalls.o
 .debug_info    0x00000000      0x3ee ..\obj\syscalls.o
 .debug_abbrev  0x00000000       0xe2 ..\obj\syscalls.o
 .debug_aranges
                0x00000000       0x60 ..\obj\syscalls.o
 .debug_ranges  0x00000000       0x50 ..\obj\syscalls.o
 .debug_line    0x00000000      0x15d ..\obj\syscalls.o
 .debug_str     0x00000000      0x30f ..\obj\syscalls.o
 .comment       0x00000000       0x71 ..\obj\syscalls.o
 .ARM.attributes
                0x00000000       0x39 ..\obj\syscalls.o
 .debug_frame   0x00000000      0x108 ..\obj\syscalls.o
 .text          0x00000000        0x0 ..\obj\queue.o
 .data          0x00000000        0x0 ..\obj\queue.o
 .bss           0x00000000        0x0 ..\obj\queue.o
 .text.xQueueGenericReset
                0x00000000       0xa4 ..\obj\queue.o
 .text.xQueueGenericCreate
                0x00000000       0x70 ..\obj\queue.o
 .text.xQueueCreateMutex
                0x00000000       0x7c ..\obj\queue.o
 .text.xQueueGenericSend
                0x00000000      0x124 ..\obj\queue.o
 .text.xQueueGenericSendFromISR
                0x00000000       0x9c ..\obj\queue.o
 .text.xQueueGenericReceive
                0x00000000      0x170 ..\obj\queue.o
 .text.xQueueReceiveFromISR
                0x00000000       0x84 ..\obj\queue.o
 .text.xQueuePeekFromISR
                0x00000000       0x4c ..\obj\queue.o
 .text.uxQueueMessagesWaiting
                0x00000000       0x20 ..\obj\queue.o
 .text.uxQueueSpacesAvailable
                0x00000000       0x2c ..\obj\queue.o
 .text.uxQueueMessagesWaitingFromISR
                0x00000000       0x1c ..\obj\queue.o
 .text.vQueueDelete
                0x00000000       0x2c ..\obj\queue.o
 .text.prvCopyDataToQueue
                0x00000000       0xdc ..\obj\queue.o
 .text.prvCopyDataFromQueue
                0x00000000       0x4c ..\obj\queue.o
 .text.prvUnlockQueue
                0x00000000       0x98 ..\obj\queue.o
 .text.prvIsQueueEmpty
                0x00000000       0x2c ..\obj\queue.o
 .text.xQueueIsQueueEmptyFromISR
                0x00000000       0x28 ..\obj\queue.o
 .text.prvIsQueueFull
                0x00000000       0x30 ..\obj\queue.o
 .text.xQueueIsQueueFullFromISR
                0x00000000       0x2c ..\obj\queue.o
 .debug_info    0x00000000      0x91b ..\obj\queue.o
 .debug_abbrev  0x00000000      0x186 ..\obj\queue.o
 .debug_aranges
                0x00000000       0xb0 ..\obj\queue.o
 .debug_ranges  0x00000000       0xa0 ..\obj\queue.o
 .debug_line    0x00000000      0x47c ..\obj\queue.o
 .debug_str     0x00000000      0x5fd ..\obj\queue.o
 .comment       0x00000000       0x71 ..\obj\queue.o
 .ARM.attributes
                0x00000000       0x39 ..\obj\queue.o
 .debug_frame   0x00000000      0x264 ..\obj\queue.o
 .text          0x00000000        0x0 ..\obj\port.o
 .bss           0x00000000        0x0 ..\obj\port.o
 .text.vPortEndScheduler
                0x00000000        0xc ..\obj\port.o
 .text          0x00000000        0x0 ..\obj\croutine.o
 .data          0x00000000        0x0 ..\obj\croutine.o
 .bss           0x00000000       0x94 ..\obj\croutine.o
 .text.xCoRoutineCreate
                0x00000000       0xcc ..\obj\croutine.o
 .text.vCoRoutineAddToDelayedList
                0x00000000       0x84 ..\obj\croutine.o
 .text.prvCheckPendingReadyList
                0x00000000       0x78 ..\obj\croutine.o
 .text.prvCheckDelayedList
                0x00000000       0xf8 ..\obj\croutine.o
 .text.vCoRoutineSchedule
                0x00000000       0xa0 ..\obj\croutine.o
 .text.prvInitialiseCoRoutineLists
                0x00000000       0x68 ..\obj\croutine.o
 .text.xCoRoutineRemoveFromEventList
                0x00000000       0x50 ..\obj\croutine.o
 .debug_info    0x00000000      0x4ba ..\obj\croutine.o
 .debug_abbrev  0x00000000      0x17e ..\obj\croutine.o
 .debug_aranges
                0x00000000       0x50 ..\obj\croutine.o
 .debug_ranges  0x00000000       0x40 ..\obj\croutine.o
 .debug_line    0x00000000      0x291 ..\obj\croutine.o
 .debug_str     0x00000000      0x4f8 ..\obj\croutine.o
 .comment       0x00000000       0x71 ..\obj\croutine.o
 .ARM.attributes
                0x00000000       0x39 ..\obj\croutine.o
 .debug_frame   0x00000000       0xf0 ..\obj\croutine.o
 .text          0x00000000        0x0 ..\obj\stm32f4xx_spi.o
 .data          0x00000000        0x0 ..\obj\stm32f4xx_spi.o
 .bss           0x00000000        0x0 ..\obj\stm32f4xx_spi.o
 .text.I2S_Init
                0x00000000      0x1b0 ..\obj\stm32f4xx_spi.o
 .text.SPI_StructInit
                0x00000000       0x48 ..\obj\stm32f4xx_spi.o
 .text.I2S_StructInit
                0x00000000       0x38 ..\obj\stm32f4xx_spi.o
 .text.I2S_Cmd  0x00000000       0x40 ..\obj\stm32f4xx_spi.o
 .text.SPI_DataSizeConfig
                0x00000000       0x38 ..\obj\stm32f4xx_spi.o
 .text.SPI_BiDirectionalLineConfig
                0x00000000       0x40 ..\obj\stm32f4xx_spi.o
 .text.SPI_NSSInternalSoftwareConfig
                0x00000000       0x44 ..\obj\stm32f4xx_spi.o
 .text.SPI_SSOutputCmd
                0x00000000       0x40 ..\obj\stm32f4xx_spi.o
 .text.SPI_TIModeCmd
                0x00000000       0x40 ..\obj\stm32f4xx_spi.o
 .text.I2S_FullDuplexConfig
                0x00000000       0x9c ..\obj\stm32f4xx_spi.o
 .text.SPI_I2S_ReceiveData
                0x00000000       0x1c ..\obj\stm32f4xx_spi.o
 .text.SPI_I2S_SendData
                0x00000000       0x1c ..\obj\stm32f4xx_spi.o
 .text.SPI_CalculateCRC
                0x00000000       0x40 ..\obj\stm32f4xx_spi.o
 .text.SPI_TransmitCRC
                0x00000000       0x24 ..\obj\stm32f4xx_spi.o
 .text.SPI_GetCRC
                0x00000000       0x34 ..\obj\stm32f4xx_spi.o
 .text.SPI_GetCRCPolynomial
                0x00000000       0x1c ..\obj\stm32f4xx_spi.o
 .text.SPI_I2S_DMACmd
                0x00000000       0x48 ..\obj\stm32f4xx_spi.o
 .text.SPI_I2S_ITConfig
                0x00000000       0x60 ..\obj\stm32f4xx_spi.o
 .text.SPI_I2S_ClearFlag
                0x00000000       0x20 ..\obj\stm32f4xx_spi.o
 .text.SPI_I2S_GetITStatus
                0x00000000       0x78 ..\obj\stm32f4xx_spi.o
 .text.SPI_I2S_ClearITPendingBit
                0x00000000       0x34 ..\obj\stm32f4xx_spi.o
 .text          0x00000000        0x0 ..\obj\heap_2.o
 .rodata        0x00000000        0x2 ..\obj\heap_2.o
 .text.xPortGetFreeHeapSize
                0x00000000       0x18 ..\obj\heap_2.o
 .text.vPortInitialiseBlocks
                0x00000000        0xc ..\obj\heap_2.o
 .text          0x00000000      0x134 f:/dev/gcc-arm/4.8-2014q2/bin/../lib/gcc/arm-none-eabi/4.8.4/../../../../arm-none-eabi/lib/armv7e-m/fpu\libg.a(lib_a-memcpy.o)
 .data          0x00000000        0x0 f:/dev/gcc-arm/4.8-2014q2/bin/../lib/gcc/arm-none-eabi/4.8.4/../../../../arm-none-eabi/lib/armv7e-m/fpu\libg.a(lib_a-memcpy.o)
 .bss           0x00000000        0x0 f:/dev/gcc-arm/4.8-2014q2/bin/../lib/gcc/arm-none-eabi/4.8.4/../../../../arm-none-eabi/lib/armv7e-m/fpu\libg.a(lib_a-memcpy.o)
 .ARM.attributes
                0x00000000       0x20 f:/dev/gcc-arm/4.8-2014q2/bin/../lib/gcc/arm-none-eabi/4.8.4/../../../../arm-none-eabi/lib/armv7e-m/fpu\libg.a(lib_a-memcpy.o)

Memory Configuration

Name             Origin             Length             Attributes
rom              0x08000000         0x00100000         xr
ram              0x20000000         0x00020000         xrw
ram1             0x10000000         0x00010000         xrw
*default*        0x00000000         0xffffffff

Linker script and memory map

                0x20020000                _eram = 0x20020000

.text           0x08000000     0x17e4
 *(.isr_vector)
 .isr_vector    0x08000000      0x188 ..\obj\startup_stm32f4xx.o
                0x08000000                g_pfnVectors
 *(.text*)
 .text.Default_Reset_Handler
                0x08000188       0x70 ..\obj\startup_stm32f4xx.o
                0x08000188                Default_Reset_Handler
                0x08000188                Reset_Handler
 .text.Default_Handler
                0x080001f8        0x8 ..\obj\startup_stm32f4xx.o
                0x080001f8                RTC_Alarm_IRQHandler
                0x080001f8                HASH_RNG_IRQHandler
                0x080001f8                EXTI2_IRQHandler
                0x080001f8                TIM8_CC_IRQHandler
                0x080001f8                DebugMon_Handler
                0x080001f8                TIM1_CC_IRQHandler
                0x080001f8                DMA2_Stream5_IRQHandler
                0x080001f8                HardFault_Handler
                0x080001f8                DMA1_Stream5_IRQHandler
                0x080001f8                PVD_IRQHandler
                0x080001f8                SDIO_IRQHandler
                0x080001f8                TAMP_STAMP_IRQHandler
                0x080001f8                NMI_Handler
                0x080001f8                CAN2_RX1_IRQHandler
                0x080001f8                EXTI3_IRQHandler
                0x080001f8                TIM8_TRG_COM_TIM14_IRQHandler
                0x080001f8                TIM1_UP_TIM10_IRQHandler
                0x080001f8                TIM8_UP_TIM13_IRQHandler
                0x080001f8                I2C3_ER_IRQHandler
                0x080001f8                EXTI0_IRQHandler
                0x080001f8                I2C2_EV_IRQHandler
                0x080001f8                DMA1_Stream2_IRQHandler
                0x080001f8                CAN1_RX0_IRQHandler
                0x080001f8                FPU_IRQHandler
                0x080001f8                OTG_HS_WKUP_IRQHandler
                0x080001f8                UsageFault_Handler
                0x080001f8                CAN2_SCE_IRQHandler
                0x080001f8                DMA2_Stream2_IRQHandler
                0x080001f8                SPI1_IRQHandler
                0x080001f8                TIM6_DAC_IRQHandler
                0x080001f8                TIM1_BRK_TIM9_IRQHandler
                0x080001f8                DCMI_IRQHandler
                0x080001f8                CAN2_RX0_IRQHandler
                0x080001f8                DMA2_Stream3_IRQHandler
                0x080001f8                USART6_IRQHandler
                0x080001f8                USART3_IRQHandler
                0x080001f8                CRYP_IRQHandler
                0x080001f8                CAN1_RX1_IRQHandler
                0x080001f8                UART5_IRQHandler
                0x080001f8                DMA2_Stream0_IRQHandler
                0x080001f8                TIM4_IRQHandler
                0x080001f8                I2C1_EV_IRQHandler
                0x080001f8                DMA1_Stream6_IRQHandler
                0x080001f8                DMA1_Stream1_IRQHandler
                0x080001f8                UART4_IRQHandler
                0x080001f8                TIM3_IRQHandler
                0x080001f8                RCC_IRQHandler
                0x080001f8                TIM8_BRK_TIM12_IRQHandler
                0x080001f8                EXTI15_10_IRQHandler
                0x080001f8                ADC_IRQHandler
                0x080001f8                DMA1_Stream7_IRQHandler
                0x080001f8                TIM7_IRQHandler
                0x080001f8                CAN2_TX_IRQHandler
                0x080001f8                TIM5_IRQHandler
                0x080001f8                DMA2_Stream7_IRQHandler
                0x080001f8                I2C3_EV_IRQHandler
                0x080001f8                EXTI9_5_IRQHandler
                0x080001f8                RTC_WKUP_IRQHandler
                0x080001f8                ETH_WKUP_IRQHandler
                0x080001f8                OTG_HS_EP1_IN_IRQHandler
                0x080001f8                MemManage_Handler
                0x080001f8                DMA1_Stream0_IRQHandler
                0x080001f8                CAN1_TX_IRQHandler
                0x080001f8                EXTI4_IRQHandler
                0x080001f8                FSMC_IRQHandler
                0x080001f8                ETH_IRQHandler
                0x080001f8                OTG_HS_EP1_OUT_IRQHandler
                0x080001f8                WWDG_IRQHandler
                0x080001f8                TIM2_IRQHandler
                0x080001f8                OTG_FS_WKUP_IRQHandler
                0x080001f8                TIM1_TRG_COM_TIM11_IRQHandler
                0x080001f8                OTG_HS_IRQHandler
                0x080001f8                EXTI1_IRQHandler
                0x080001f8                USART2_IRQHandler
                0x080001f8                I2C2_ER_IRQHandler
                0x080001f8                DMA2_Stream1_IRQHandler
                0x080001f8                CAN1_SCE_IRQHandler
                0x080001f8                FLASH_IRQHandler
                0x080001f8                DMA2_Stream4_IRQHandler
                0x080001f8                BusFault_Handler
                0x080001f8                USART1_IRQHandler
                0x080001f8                OTG_FS_IRQHandler
                0x080001f8                SPI3_IRQHandler
                0x080001f8                DMA1_Stream4_IRQHandler
                0x080001f8                I2C1_ER_IRQHandler
                0x080001f8                DMA2_Stream6_IRQHandler
                0x080001f8                DMA1_Stream3_IRQHandler
 .text.vLED     0x08000200       0x94 ..\obj\main.o
                0x08000200                vLED
 .text.SPI2_send
                0x08000294       0x5c ..\obj\main.o
                0x08000294                SPI2_send
 .text.vSPI     0x080002f0      0x114 ..\obj\main.o
                0x080002f0                vSPI
 .text.main     0x08000404       0x6c ..\obj\main.o
                0x08000404                main
 .text.SPI2_IRQHandler
                0x08000470       0x38 ..\obj\main.o
                0x08000470                SPI2_IRQHandler
 .text.RCC_HSEConfig
                0x080004a8       0x24 ..\obj\stm32f4xx_rcc.o
                0x080004a8                RCC_HSEConfig
 .text.RCC_WaitForHSEStartUp
                0x080004cc       0x50 ..\obj\stm32f4xx_rcc.o
                0x080004cc                RCC_WaitForHSEStartUp
 .text.RCC_AHB1PeriphClockCmd
                0x0800051c       0x3c ..\obj\stm32f4xx_rcc.o
                0x0800051c                RCC_AHB1PeriphClockCmd
 .text.RCC_APB1PeriphClockCmd
                0x08000558       0x3c ..\obj\stm32f4xx_rcc.o
                0x08000558                RCC_APB1PeriphClockCmd
 .text.RCC_APB1PeriphResetCmd
                0x08000594       0x3c ..\obj\stm32f4xx_rcc.o
                0x08000594                RCC_APB1PeriphResetCmd
 .text.RCC_APB2PeriphResetCmd
                0x080005d0       0x3c ..\obj\stm32f4xx_rcc.o
                0x080005d0                RCC_APB2PeriphResetCmd
 .text.RCC_GetFlagStatus
                0x0800060c       0x74 ..\obj\stm32f4xx_rcc.o
                0x0800060c                RCC_GetFlagStatus
 .text.xTaskGenericCreate
                0x08000680      0x134 ..\obj\tasks.o
                0x08000680                xTaskGenericCreate
 .text.vTaskDelay
                0x080007b4       0x74 ..\obj\tasks.o
                0x080007b4                vTaskDelay
 .text.vTaskStartScheduler
                0x08000828       0x54 ..\obj\tasks.o
                0x08000828                vTaskStartScheduler
 .text.vTaskSuspendAll
                0x0800087c       0x1c ..\obj\tasks.o
                0x0800087c                vTaskSuspendAll
 .text.xTaskResumeAll
                0x08000898       0xfc ..\obj\tasks.o
                0x08000898                xTaskResumeAll
 .text.xTaskIncrementTick
                0x08000994      0x15c ..\obj\tasks.o
                0x08000994                xTaskIncrementTick
 .text.vTaskSwitchContext
                0x08000af0       0x8c ..\obj\tasks.o
                0x08000af0                vTaskSwitchContext
 .text.prvIdleTask
                0x08000b7c       0x20 ..\obj\tasks.o
 .text.prvInitialiseTCBVariables
                0x08000b9c       0x94 ..\obj\tasks.o
 .text.prvInitialiseTaskLists
                0x08000c30       0x68 ..\obj\tasks.o
 .text.prvCheckTasksWaitingTermination
                0x08000c98        0xc ..\obj\tasks.o
 .text.prvAddCurrentTaskToDelayedList
                0x08000ca4       0x6c ..\obj\tasks.o
 .text.prvAllocateTCBAndStack
                0x08000d10       0x50 ..\obj\tasks.o
 .text.prvResetNextTaskUnblockTime
                0x08000d60       0x48 ..\obj\tasks.o
 .text.GPIO_Init
                0x08000da8      0x11c ..\obj\stm32f4xx_gpio.o
                0x08000da8                GPIO_Init
 .text.GPIO_SetBits
                0x08000ec4       0x1c ..\obj\stm32f4xx_gpio.o
                0x08000ec4                GPIO_SetBits
 .text.GPIO_ResetBits
                0x08000ee0       0x1c ..\obj\stm32f4xx_gpio.o
                0x08000ee0                GPIO_ResetBits
 .text.GPIO_PinAFConfig
                0x08000efc       0x8c ..\obj\stm32f4xx_gpio.o
                0x08000efc                GPIO_PinAFConfig
 .text.vListInitialise
                0x08000f88       0x40 ..\obj\list.o
                0x08000f88                vListInitialise
 .text.vListInitialiseItem
                0x08000fc8       0x18 ..\obj\list.o
                0x08000fc8                vListInitialiseItem
 .text.vListInsertEnd
                0x08000fe0       0x48 ..\obj\list.o
                0x08000fe0                vListInsertEnd
 .text.vListInsert
                0x08001028       0x70 ..\obj\list.o
                0x08001028                vListInsert
 .text.uxListRemove
                0x08001098       0x54 ..\obj\list.o
                0x08001098                uxListRemove
 .text.SystemInit
                0x080010ec       0x68 ..\obj\system_stm32f4xx.o
                0x080010ec                SystemInit
 .text.SetSysClock
                0x08001154       0xf4 ..\obj\system_stm32f4xx.o
 .text.pxPortInitialiseStack
                0x08001248       0x64 ..\obj\port.o
                0x08001248                pxPortInitialiseStack
 .text.prvTaskExitError
                0x080012ac        0xc ..\obj\port.o
 .text.SVC_Handler
                0x080012b8       0x20 ..\obj\port.o
                0x080012b8                SVC_Handler
 .text.prvPortStartFirstTask
                0x080012d8       0x20 ..\obj\port.o
 .text.xPortStartScheduler
                0x080012f8       0x50 ..\obj\port.o
                0x080012f8                xPortStartScheduler
 .text.vPortYield
                0x08001348       0x20 ..\obj\port.o
                0x08001348                vPortYield
 .text.vPortEnterCritical
                0x08001368       0x20 ..\obj\port.o
                0x08001368                vPortEnterCritical
 .text.vPortExitCritical
                0x08001388       0x24 ..\obj\port.o
                0x08001388                vPortExitCritical
 .text.ulPortSetInterruptMask
                0x080013ac       0x14 ..\obj\port.o
                0x080013ac                ulPortSetInterruptMask
 .text.vPortClearInterruptMask
                0x080013c0        0x8 ..\obj\port.o
                0x080013c0                vPortClearInterruptMask
 .text.PendSV_Handler
                0x080013c8       0x58 ..\obj\port.o
                0x080013c8                PendSV_Handler
 .text.SysTick_Handler
                0x08001420       0x28 ..\obj\port.o
                0x08001420                SysTick_Handler
 .text.vPortSetupTimerInterrupt
                0x08001448       0x24 ..\obj\port.o
                0x08001448                vPortSetupTimerInterrupt
 .text.vPortEnableVFP
                0x0800146c       0x14 ..\obj\port.o
 .text.SPI_I2S_DeInit
                0x08001480       0x74 ..\obj\stm32f4xx_spi.o
                0x08001480                SPI_I2S_DeInit
 .text.SPI_Init
                0x080014f4       0x88 ..\obj\stm32f4xx_spi.o
                0x080014f4                SPI_Init
 .text.SPI_Cmd  0x0800157c       0x40 ..\obj\stm32f4xx_spi.o
                0x0800157c                SPI_Cmd
 .text.SPI_I2S_GetFlagStatus
                0x080015bc       0x38 ..\obj\stm32f4xx_spi.o
                0x080015bc                SPI_I2S_GetFlagStatus
 .text.pvPortMalloc
                0x080015f4      0x118 ..\obj\heap_2.o
                0x080015f4                pvPortMalloc
 .text.vPortFree
                0x0800170c       0x70 ..\obj\heap_2.o
                0x0800170c                vPortFree
 .text.prvHeapInit
                0x0800177c       0x50 ..\obj\heap_2.o
 *(.init)
 *(.fini)
 *crtbegin.o(.ctors)
 *crtbegin?.o(.ctors)
 *(EXCLUDE_FILE(*crtend.o *crtend?.o) .ctors)
 *(SORT(.ctors.*))
 *(.ctors)
 *crtbegin.o(.dtors)
 *crtbegin?.o(.dtors)
 *(EXCLUDE_FILE(*crtend.o *crtend?.o) .dtors)
 *(SORT(.dtors.*))
 *(.dtors)
 *(.rodata*)
 .rodata        0x080017cc       0x10 ..\obj\main.o
 .rodata        0x080017dc        0x8 ..\obj\tasks.o
 *(.eh_fram e*)

.glue_7         0x080017e4        0x0
 .glue_7        0x00000000        0x0 linker stubs

.glue_7t        0x080017e4        0x0
 .glue_7t       0x00000000        0x0 linker stubs

.vfp11_veneer   0x080017e4        0x0
 .vfp11_veneer  0x00000000        0x0 linker stubs

.v4_bx          0x080017e4        0x0
 .v4_bx         0x00000000        0x0 linker stubs

.iplt           0x080017e4        0x0
 .iplt          0x00000000        0x0 ..\obj\startup_stm32f4xx.o

.rel.dyn        0x080017e4        0x0
 .rel.iplt      0x00000000        0x0 ..\obj\startup_stm32f4xx.o

.ARM.extab
 *(.ARM.extab* .gnu.linkonce.armextab.*)
                0x080017e4                __exidx_start = .

.ARM.exidx
 *(.ARM.exidx* .gnu.linkonce.armexidx.*)
                0x080017e4                __exidx_end = .
                0x080017e4                __etext = .
                0x080017e4                _sidata = __etext

.data           0x20000000        0xc load address 0x080017e4
                0x20000000                __data_start__ = .
                0x20000000                _sdata = __data_start__
 *(vtable)
 *(.data*)
 .data          0x20000000        0x4 ..\obj\tasks.o
 .data          0x20000004        0x4 ..\obj\port.o
 .data          0x20000008        0x4 ..\obj\heap_2.o
                0x2000000c                . = ALIGN (0x4)
                0x2000000c                PROVIDE (__preinit_array_start, .)
 *(.preinit_array)
                0x2000000c                PROVIDE (__preinit_array_end, .)
                0x2000000c                . = ALIGN (0x4)
                0x2000000c                PROVIDE (__init_array_start, .)
 *(SORT(.init_array.*))
 *(.init_array)
                0x2000000c                PROVIDE (__init_array_end, .)
                0x2000000c                . = ALIGN (0x4)
                0x2000000c                PROVIDE (__fini_array_start, .)
 *(SORT(.fini_array.*))
 *(.fini_array)
                0x2000000c                PROVIDE (__fini_array_end, .)
 *(.jcr*)
                0x2000000c                . = ALIGN (0x4)
                0x2000000c                __data_end__ = .
                0x2000000c                _edata = __data_end__

.igot.plt       0x2000000c        0x0 load address 0x080017f0
 .igot.plt      0x00000000        0x0 ..\obj\startup_stm32f4xx.o

.bss            0x2000000c      0xdc0 load address 0x080017f0
                0x2000000c                . = ALIGN (0x4)
                0x2000000c                __bss_start__ = .
                0x2000000c                _sbss = __bss_start__
 *(.bss*)
 .bss           0x2000000c      0x1ac ..\obj\tasks.o
                0x2000000c                pxCurrentTCB
 .bss           0x200001b8      0xc14 ..\obj\heap_2.o
 *(COMMON)
                0x20000dcc                . = ALIGN (0x4)
                0x20000dcc                __bss_end__ = .
                0x20000dcc                _ebss = __bss_end__

.heap           0x20000dcc        0x0
                0x20000dcc                __end__ = .
                0x20000dcc                _end = __end__
                0x20000dcc                end = __end__
 *(.heap*)
                0x20000dcc                __HeapLimit = .

.co_stack       0x20000dcc      0x804 load address 0x080025b0
                0x20000dd0                . = ALIGN (0x8)
 *fill*         0x20000dcc        0x4 
 *(.co_stack .co_stack.*)
 .co_stack      0x20000dd0      0x800 ..\obj\startup_stm32f4xx.o
                0x20000dd0                pulStack
                0x20020000                __StackTop = (ORIGIN (ram) + 0x20000)
                0x2001f7fc                __StackLimit = (__StackTop - SIZEOF (.co_stack))
                0x20020000                PROVIDE (__stack, __StackTop)
                0x00000001                ASSERT ((__StackLimit >= __HeapLimit), region ram  overflowed with stack)
LOAD ..\obj\startup_stm32f4xx.o
LOAD ..\obj\main.o
LOAD ..\obj\stm32f4xx_rcc.o
LOAD ..\obj\timers.o
LOAD ..\obj\tasks.o
LOAD ..\obj\stm32f4xx_gpio.o
LOAD ..\obj\stm32f4xx_flash.o
LOAD ..\obj\list.o
LOAD ..\obj\system_stm32f4xx.o
LOAD ..\obj\syscalls.o
LOAD ..\obj\queue.o
LOAD ..\obj\port.o
LOAD ..\obj\croutine.o
LOAD ..\obj\stm32f4xx_spi.o
LOAD ..\obj\heap_2.o
START GROUP
LOAD f:/dev/gcc-arm/4.8-2014q2/bin/../lib/gcc/arm-none-eabi/4.8.4/armv7e-m/fpu\libgcc.a
LOAD f:/dev/gcc-arm/4.8-2014q2/bin/../lib/gcc/arm-none-eabi/4.8.4/../../../../arm-none-eabi/lib/armv7e-m/fpu\libg.a
LOAD f:/dev/gcc-arm/4.8-2014q2/bin/../lib/gcc/arm-none-eabi/4.8.4/../../../../arm-none-eabi/lib/armv7e-m/fpu\libc.a
END GROUP
OUTPUT(dithard-stm32f4.elf elf32-littlearm)

.debug_info     0x00000000     0x3cd9
 .debug_info    0x00000000       0xed ..\obj\startup_stm32f4xx.o
 .debug_info    0x000000ed      0x54a ..\obj\main.o
 .debug_info    0x00000637      0xc4d ..\obj\stm32f4xx_rcc.o
 .debug_info    0x00001284      0xc04 ..\obj\tasks.o
 .debug_info    0x00001e88      0x602 ..\obj\stm32f4xx_gpio.o
 .debug_info    0x0000248a      0x299 ..\obj\list.o
 .debug_info    0x00002723      0x592 ..\obj\system_stm32f4xx.o
 .debug_info    0x00002cb5      0x247 ..\obj\port.o
 .debug_info    0x00002efc      0xb07 ..\obj\stm32f4xx_spi.o
 .debug_info    0x00003a03      0x2d6 ..\obj\heap_2.o

.debug_abbrev   0x00000000      0xdd3
 .debug_abbrev  0x00000000       0xb0 ..\obj\startup_stm32f4xx.o
 .debug_abbrev  0x000000b0      0x15d ..\obj\main.o
 .debug_abbrev  0x0000020d      0x1e3 ..\obj\stm32f4xx_rcc.o
 .debug_abbrev  0x000003f0      0x24f ..\obj\tasks.o
 .debug_abbrev  0x0000063f      0x1a3 ..\obj\stm32f4xx_gpio.o
 .debug_abbrev  0x000007e2       0xbc ..\obj\list.o
 .debug_abbrev  0x0000089e      0x136 ..\obj\system_stm32f4xx.o
 .debug_abbrev  0x000009d4      0x148 ..\obj\port.o
 .debug_abbrev  0x00000b1c      0x167 ..\obj\stm32f4xx_spi.o
 .debug_abbrev  0x00000c83      0x150 ..\obj\heap_2.o

.debug_aranges  0x00000000      0x598
 .debug_aranges
                0x00000000       0x28 ..\obj\startup_stm32f4xx.o
 .debug_aranges
                0x00000028       0x48 ..\obj\main.o
 .debug_aranges
                0x00000070      0x178 ..\obj\stm32f4xx_rcc.o
 .debug_aranges
                0x000001e8      0x108 ..\obj\tasks.o
 .debug_aranges
                0x000002f0       0x88 ..\obj\stm32f4xx_gpio.o
 .debug_aranges
                0x00000378       0x40 ..\obj\list.o
 .debug_aranges
                0x000003b8       0x30 ..\obj\system_stm32f4xx.o
 .debug_aranges
                0x000003e8       0x90 ..\obj\port.o
 .debug_aranges
                0x00000478       0xe0 ..\obj\stm32f4xx_spi.o
 .debug_aranges
                0x00000558       0x40 ..\obj\heap_2.o

.debug_ranges   0x00000000      0x4f8
 .debug_ranges  0x00000000       0x18 ..\obj\startup_stm32f4xx.o
 .debug_ranges  0x00000018       0x38 ..\obj\main.o
 .debug_ranges  0x00000050      0x168 ..\obj\stm32f4xx_rcc.o
 .debug_ranges  0x000001b8       0xf8 ..\obj\tasks.o
 .debug_ranges  0x000002b0       0x78 ..\obj\stm32f4xx_gpio.o
 .debug_ranges  0x00000328       0x30 ..\obj\list.o
 .debug_ranges  0x00000358       0x20 ..\obj\system_stm32f4xx.o
 .debug_ranges  0x00000378       0x80 ..\obj\port.o
 .debug_ranges  0x000003f8       0xd0 ..\obj\stm32f4xx_spi.o
 .debug_ranges  0x000004c8       0x30 ..\obj\heap_2.o

.debug_line     0x00000000     0x1f22
 .debug_line    0x00000000       0xac ..\obj\startup_stm32f4xx.o
 .debug_line    0x000000ac      0x330 ..\obj\main.o
 .debug_line    0x000003dc      0x58f ..\obj\stm32f4xx_rcc.o
 .debug_line    0x0000096b      0x5cd ..\obj\tasks.o
 .debug_line    0x00000f38      0x334 ..\obj\stm32f4xx_gpio.o
 .debug_line    0x0000126c      0x1d0 ..\obj\list.o
 .debug_line    0x0000143c      0x1cb ..\obj\system_stm32f4xx.o
 .debug_line    0x00001607      0x287 ..\obj\port.o
 .debug_line    0x0000188e      0x447 ..\obj\stm32f4xx_spi.o
 .debug_line    0x00001cd5      0x24d ..\obj\heap_2.o

.debug_str      0x00000000     0x1c86
 .debug_str     0x00000000      0x161 ..\obj\startup_stm32f4xx.o
                                0x173 (size before relaxing)
 .debug_str     0x00000161      0x3e9 ..\obj\main.o
                                0x4ff (size before relaxing)
 .debug_str     0x0000054a      0x668 ..\obj\stm32f4xx_rcc.o
                                0x87c (size before relaxing)
 .debug_str     0x00000bb2      0x72e ..\obj\tasks.o
                                0x8ed (size before relaxing)
 .debug_str     0x000012e0      0x19c ..\obj\stm32f4xx_gpio.o
                                0x4cf (size before relaxing)
 .debug_str     0x0000147c       0xd9 ..\obj\list.o
                                0x2c9 (size before relaxing)
 .debug_str     0x00001555      0x121 ..\obj\system_stm32f4xx.o
                                0x3d6 (size before relaxing)
 .debug_str     0x00001676      0x182 ..\obj\port.o
                                0x31e (size before relaxing)
 .debug_str     0x000017f8      0x313 ..\obj\stm32f4xx_spi.o
                                0x6b6 (size before relaxing)
 .debug_str     0x00001b0b      0x17b ..\obj\heap_2.o
                                0x303 (size before relaxing)

.comment        0x00000000       0x70
 .comment       0x00000000       0x70 ..\obj\startup_stm32f4xx.o
                                 0x71 (size before relaxing)
 .comment       0x00000000       0x71 ..\obj\main.o
 .comment       0x00000000       0x71 ..\obj\stm32f4xx_rcc.o
 .comment       0x00000000       0x71 ..\obj\tasks.o
 .comment       0x00000000       0x71 ..\obj\stm32f4xx_gpio.o
 .comment       0x00000000       0x71 ..\obj\list.o
 .comment       0x00000000       0x71 ..\obj\system_stm32f4xx.o
 .comment       0x00000000       0x71 ..\obj\port.o
 .comment       0x00000000       0x71 ..\obj\stm32f4xx_spi.o
 .comment       0x00000000       0x71 ..\obj\heap_2.o

.ARM.attributes
                0x00000000       0x37
 .ARM.attributes
                0x00000000       0x39 ..\obj\startup_stm32f4xx.o
 .ARM.attributes
                0x00000039       0x39 ..\obj\main.o
 .ARM.attributes
                0x00000072       0x39 ..\obj\stm32f4xx_rcc.o
 .ARM.attributes
                0x000000ab       0x39 ..\obj\tasks.o
 .ARM.attributes
                0x000000e4       0x39 ..\obj\stm32f4xx_gpio.o
 .ARM.attributes
                0x0000011d       0x39 ..\obj\list.o
 .ARM.attributes
                0x00000156       0x39 ..\obj\system_stm32f4xx.o
 .ARM.attributes
                0x0000018f       0x39 ..\obj\port.o
 .ARM.attributes
                0x000001c8       0x39 ..\obj\stm32f4xx_spi.o
 .ARM.attributes
                0x00000201       0x39 ..\obj\heap_2.o

.debug_frame    0x00000000     0x10e4
 .debug_frame   0x00000000       0x48 ..\obj\startup_stm32f4xx.o
 .debug_frame   0x00000048       0xcc ..\obj\main.o
 .debug_frame   0x00000114      0x4d8 ..\obj\stm32f4xx_rcc.o
 .debug_frame   0x000005ec      0x390 ..\obj\tasks.o
 .debug_frame   0x0000097c      0x19c ..\obj\stm32f4xx_gpio.o
 .debug_frame   0x00000b18       0x9c ..\obj\list.o
 .debug_frame   0x00000bb4       0x64 ..\obj\system_stm32f4xx.o
 .debug_frame   0x00000c18      0x160 ..\obj\port.o
 .debug_frame   0x00000d78      0x2d0 ..\obj\stm32f4xx_spi.o
 .debug_frame   0x00001048       0x9c ..\obj\heap_2.o
