Archive member included because of file (symbol)

e:/dev/gcc-arm/4.8-2014q3/bin/../lib/gcc/arm-none-eabi/4.8.4/../../../../arm-none-eabi/lib/armv7e-m/fpu\libg.a(lib_a-memcpy.o)
                              ..\obj\queue.o (memcpy)
e:/dev/gcc-arm/4.8-2014q3/bin/../lib/gcc/arm-none-eabi/4.8.4/../../../../arm-none-eabi/lib/armv7e-m/fpu\libg.a(lib_a-memset.o)
                              ..\obj\main.o (memset)

Discarded input sections

 .text          0x00000000        0x0 ..\obj\stm32f4xx_usart.o
 .data          0x00000000        0x0 ..\obj\stm32f4xx_usart.o
 .bss           0x00000000        0x0 ..\obj\stm32f4xx_usart.o
 .text.USART_DeInit
                0x00000000       0xd0 ..\obj\stm32f4xx_usart.o
 .text.USART_StructInit
                0x00000000       0x38 ..\obj\stm32f4xx_usart.o
 .text.USART_ClockInit
                0x00000000       0x54 ..\obj\stm32f4xx_usart.o
 .text.USART_ClockStructInit
                0x00000000       0x2c ..\obj\stm32f4xx_usart.o
 .text.USART_SetPrescaler
                0x00000000       0x38 ..\obj\stm32f4xx_usart.o
 .text.USART_OneBitMethodCmd
                0x00000000       0x40 ..\obj\stm32f4xx_usart.o
 .text.USART_SendData
                0x00000000       0x24 ..\obj\stm32f4xx_usart.o
 .text.USART_SetAddress
                0x00000000       0x38 ..\obj\stm32f4xx_usart.o
 .text.USART_ReceiverWakeUpCmd
                0x00000000       0x40 ..\obj\stm32f4xx_usart.o
 .text.USART_WakeUpConfig
                0x00000000       0x38 ..\obj\stm32f4xx_usart.o
 .text.USART_LINBreakDetectLengthConfig
                0x00000000       0x38 ..\obj\stm32f4xx_usart.o
 .text.USART_LINCmd
                0x00000000       0x40 ..\obj\stm32f4xx_usart.o
 .text.USART_SendBreak
                0x00000000       0x24 ..\obj\stm32f4xx_usart.o
 .text.USART_HalfDuplexCmd
                0x00000000       0x40 ..\obj\stm32f4xx_usart.o
 .text.USART_SetGuardTime
                0x00000000       0x3c ..\obj\stm32f4xx_usart.o
 .text.USART_SmartCardCmd
                0x00000000       0x40 ..\obj\stm32f4xx_usart.o
 .text.USART_SmartCardNACKCmd
                0x00000000       0x40 ..\obj\stm32f4xx_usart.o
 .text.USART_IrDAConfig
                0x00000000       0x38 ..\obj\stm32f4xx_usart.o
 .text.USART_IrDACmd
                0x00000000       0x40 ..\obj\stm32f4xx_usart.o
 .text.USART_DMACmd
                0x00000000       0x48 ..\obj\stm32f4xx_usart.o
 .text.USART_ITConfig
                0x00000000       0x90 ..\obj\stm32f4xx_usart.o
 .text.USART_GetFlagStatus
                0x00000000       0x38 ..\obj\stm32f4xx_usart.o
 .text.USART_ClearFlag
                0x00000000       0x20 ..\obj\stm32f4xx_usart.o
 .text.USART_GetITStatus
                0x00000000       0xb0 ..\obj\stm32f4xx_usart.o
 .text.USART_ClearITPendingBit
                0x00000000       0x38 ..\obj\stm32f4xx_usart.o
 .text          0x00000000        0x0 ..\obj\startup_stm32f4xx.o
 .data          0x00000000        0x0 ..\obj\startup_stm32f4xx.o
 .bss           0x00000000        0x0 ..\obj\startup_stm32f4xx.o
 .text          0x00000000        0x0 ..\obj\main.o
 .data          0x00000000        0x0 ..\obj\main.o
 .text.PrintChar
                0x00000000       0x34 ..\obj\main.o
 .text.PrintString
                0x00000000       0x48 ..\obj\main.o
 .text.usartSendByte
                0x00000000       0x5c ..\obj\main.o
 .text.nrf_send_byte
                0x00000000       0x50 ..\obj\main.o
 .text          0x00000000        0x0 ..\obj\stm32f4xx_rcc.o
 .bss           0x00000000        0x0 ..\obj\stm32f4xx_rcc.o
 .text.RCC_DeInit
                0x00000000       0x50 ..\obj\stm32f4xx_rcc.o
 .text.RCC_AdjustHSICalibrationValue
                0x00000000       0x3c ..\obj\stm32f4xx_rcc.o
 .text.RCC_HSICmd
                0x00000000       0x20 ..\obj\stm32f4xx_rcc.o
 .text.RCC_LSEConfig
                0x00000000       0x40 ..\obj\stm32f4xx_rcc.o
 .text.RCC_LSICmd
                0x00000000       0x20 ..\obj\stm32f4xx_rcc.o
 .text.RCC_PLLConfig
                0x00000000       0x3c ..\obj\stm32f4xx_rcc.o
 .text.RCC_PLLCmd
                0x00000000       0x20 ..\obj\stm32f4xx_rcc.o
 .text.RCC_PLLI2SConfig
                0x00000000       0x28 ..\obj\stm32f4xx_rcc.o
 .text.RCC_PLLI2SCmd
                0x00000000       0x20 ..\obj\stm32f4xx_rcc.o
 .text.RCC_ClockSecuritySystemCmd
                0x00000000       0x20 ..\obj\stm32f4xx_rcc.o
 .text.RCC_MCO1Config
                0x00000000       0x3c ..\obj\stm32f4xx_rcc.o
 .text.RCC_MCO2Config
                0x00000000       0x3c ..\obj\stm32f4xx_rcc.o
 .text.RCC_SYSCLKConfig
                0x00000000       0x38 ..\obj\stm32f4xx_rcc.o
 .text.RCC_GetSYSCLKSource
                0x00000000       0x20 ..\obj\stm32f4xx_rcc.o
 .text.RCC_HCLKConfig
                0x00000000       0x38 ..\obj\stm32f4xx_rcc.o
 .text.RCC_PCLK1Config
                0x00000000       0x38 ..\obj\stm32f4xx_rcc.o
 .text.RCC_PCLK2Config
                0x00000000       0x38 ..\obj\stm32f4xx_rcc.o
 .text.RCC_RTCCLKConfig
                0x00000000       0x5c ..\obj\stm32f4xx_rcc.o
 .text.RCC_RTCCLKCmd
                0x00000000       0x20 ..\obj\stm32f4xx_rcc.o
 .text.RCC_BackupResetCmd
                0x00000000       0x20 ..\obj\stm32f4xx_rcc.o
 .text.RCC_I2SCLKConfig
                0x00000000       0x1c ..\obj\stm32f4xx_rcc.o
 .text.RCC_AHB2PeriphClockCmd
                0x00000000       0x3c ..\obj\stm32f4xx_rcc.o
 .text.RCC_AHB3PeriphClockCmd
                0x00000000       0x3c ..\obj\stm32f4xx_rcc.o
 .text.RCC_APB2PeriphClockCmd
                0x00000000       0x3c ..\obj\stm32f4xx_rcc.o
 .text.RCC_AHB1PeriphResetCmd
                0x00000000       0x3c ..\obj\stm32f4xx_rcc.o
 .text.RCC_AHB2PeriphResetCmd
                0x00000000       0x3c ..\obj\stm32f4xx_rcc.o
 .text.RCC_AHB3PeriphResetCmd
                0x00000000       0x3c ..\obj\stm32f4xx_rcc.o
 .text.RCC_AHB1PeriphClockLPModeCmd
                0x00000000       0x3c ..\obj\stm32f4xx_rcc.o
 .text.RCC_AHB2PeriphClockLPModeCmd
                0x00000000       0x3c ..\obj\stm32f4xx_rcc.o
 .text.RCC_AHB3PeriphClockLPModeCmd
                0x00000000       0x3c ..\obj\stm32f4xx_rcc.o
 .text.RCC_APB1PeriphClockLPModeCmd
                0x00000000       0x3c ..\obj\stm32f4xx_rcc.o
 .text.RCC_APB2PeriphClockLPModeCmd
                0x00000000       0x3c ..\obj\stm32f4xx_rcc.o
 .text.RCC_ITConfig
                0x00000000       0x48 ..\obj\stm32f4xx_rcc.o
 .text.RCC_ClearFlag
                0x00000000       0x1c ..\obj\stm32f4xx_rcc.o
 .text.RCC_GetITStatus
                0x00000000       0x38 ..\obj\stm32f4xx_rcc.o
 .text.RCC_ClearITPendingBit
                0x00000000       0x20 ..\obj\stm32f4xx_rcc.o
 .text          0x00000000        0x0 ..\obj\timers.o
 .data          0x00000000        0x0 ..\obj\timers.o
 .bss           0x00000000        0x0 ..\obj\timers.o
 .debug_info    0x00000000       0x95 ..\obj\timers.o
 .debug_abbrev  0x00000000       0x49 ..\obj\timers.o
 .debug_aranges
                0x00000000       0x18 ..\obj\timers.o
 .debug_line    0x00000000       0xea ..\obj\timers.o
 .debug_str     0x00000000      0x1a0 ..\obj\timers.o
 .comment       0x00000000       0x71 ..\obj\timers.o
 .ARM.attributes
                0x00000000       0x39 ..\obj\timers.o
 .text          0x00000000        0x0 ..\obj\tasks.o
 .text.vTaskEndScheduler
                0x00000000       0x18 ..\obj\tasks.o
 .text.xTaskGetTickCount
                0x00000000       0x24 ..\obj\tasks.o
 .text.xTaskGetTickCountFromISR
                0x00000000       0x2c ..\obj\tasks.o
 .text.uxTaskGetNumberOfTasks
                0x00000000       0x18 ..\obj\tasks.o
 .text.vTaskPlaceOnEventList
                0x00000000       0x70 ..\obj\tasks.o
 .text.vTaskPlaceOnUnorderedEventList
                0x00000000       0x90 ..\obj\tasks.o
 .text.xTaskRemoveFromEventList
                0x00000000       0xb4 ..\obj\tasks.o
 .text.xTaskRemoveFromUnorderedEventList
                0x00000000       0xb0 ..\obj\tasks.o
 .text.vTaskSetTimeOutState
                0x00000000       0x34 ..\obj\tasks.o
 .text.xTaskCheckForTimeOut
                0x00000000       0x90 ..\obj\tasks.o
 .text.vTaskMissedYield
                0x00000000       0x18 ..\obj\tasks.o
 .text.xTaskGetCurrentTaskHandle
                0x00000000       0x20 ..\obj\tasks.o
 .text.vTaskPriorityInherit
                0x00000000       0xec ..\obj\tasks.o
 .text.xTaskPriorityDisinherit
                0x00000000       0xd8 ..\obj\tasks.o
 .text.uxTaskResetEventItemValue
                0x00000000       0x30 ..\obj\tasks.o
 .text.pvTaskIncrementMutexHeldCount
                0x00000000       0x28 ..\obj\tasks.o
 .text          0x00000000        0x0 ..\obj\stm32f4xx_gpio.o
 .data          0x00000000        0x0 ..\obj\stm32f4xx_gpio.o
 .bss           0x00000000        0x0 ..\obj\stm32f4xx_gpio.o
 .text.GPIO_DeInit
                0x00000000      0x120 ..\obj\stm32f4xx_gpio.o
 .text.GPIO_StructInit
                0x00000000       0x34 ..\obj\stm32f4xx_gpio.o
 .text.GPIO_PinLockConfig
                0x00000000       0x44 ..\obj\stm32f4xx_gpio.o
 .text.GPIO_ReadInputDataBit
                0x00000000       0x34 ..\obj\stm32f4xx_gpio.o
 .text.GPIO_ReadInputData
                0x00000000       0x1c ..\obj\stm32f4xx_gpio.o
 .text.GPIO_ReadOutputDataBit
                0x00000000       0x34 ..\obj\stm32f4xx_gpio.o
 .text.GPIO_ReadOutputData
                0x00000000       0x1c ..\obj\stm32f4xx_gpio.o
 .text.GPIO_WriteBit
                0x00000000       0x30 ..\obj\stm32f4xx_gpio.o
 .text.GPIO_Write
                0x00000000       0x1c ..\obj\stm32f4xx_gpio.o
 .text.GPIO_ToggleBits
                0x00000000       0x24 ..\obj\stm32f4xx_gpio.o
 .text          0x00000000        0x0 ..\obj\stm32f4xx_flash.o
 .data          0x00000000        0x0 ..\obj\stm32f4xx_flash.o
 .bss           0x00000000        0x0 ..\obj\stm32f4xx_flash.o
 .text.FLASH_SetLatency
                0x00000000       0x20 ..\obj\stm32f4xx_flash.o
 .text.FLASH_PrefetchBufferCmd
                0x00000000       0x38 ..\obj\stm32f4xx_flash.o
 .text.FLASH_InstructionCacheCmd
                0x00000000       0x38 ..\obj\stm32f4xx_flash.o
 .text.FLASH_DataCacheCmd
                0x00000000       0x38 ..\obj\stm32f4xx_flash.o
 .text.FLASH_InstructionCacheReset
                0x00000000       0x1c ..\obj\stm32f4xx_flash.o
 .text.FLASH_DataCacheReset
                0x00000000       0x1c ..\obj\stm32f4xx_flash.o
 .text.FLASH_Unlock
                0x00000000       0x2c ..\obj\stm32f4xx_flash.o
 .text.FLASH_Lock
                0x00000000       0x1c ..\obj\stm32f4xx_flash.o
 .text.FLASH_EraseSector
                0x00000000       0xc0 ..\obj\stm32f4xx_flash.o
 .text.FLASH_EraseAllSectors
                0x00000000       0xa0 ..\obj\stm32f4xx_flash.o
 .text.FLASH_ProgramDoubleWord
                0x00000000       0x70 ..\obj\stm32f4xx_flash.o
 .text.FLASH_ProgramWord
                0x00000000       0x68 ..\obj\stm32f4xx_flash.o
 .text.FLASH_ProgramHalfWord
                0x00000000       0x6c ..\obj\stm32f4xx_flash.o
 .text.FLASH_ProgramByte
                0x00000000       0x68 ..\obj\stm32f4xx_flash.o
 .text.FLASH_OB_Unlock
                0x00000000       0x30 ..\obj\stm32f4xx_flash.o
 .text.FLASH_OB_Lock
                0x00000000       0x1c ..\obj\stm32f4xx_flash.o
 .text.FLASH_OB_WRPConfig
                0x00000000       0x58 ..\obj\stm32f4xx_flash.o
 .text.FLASH_OB_RDPConfig
                0x00000000       0x2c ..\obj\stm32f4xx_flash.o
 .text.FLASH_OB_UserConfig
                0x00000000       0x58 ..\obj\stm32f4xx_flash.o
 .text.FLASH_OB_BORConfig
                0x00000000       0x38 ..\obj\stm32f4xx_flash.o
 .text.FLASH_OB_Launch
                0x00000000       0x30 ..\obj\stm32f4xx_flash.o
 .text.FLASH_OB_GetUser
                0x00000000       0x1c ..\obj\stm32f4xx_flash.o
 .text.FLASH_OB_GetWRP
                0x00000000       0x18 ..\obj\stm32f4xx_flash.o
 .text.FLASH_OB_GetRDP
                0x00000000       0x30 ..\obj\stm32f4xx_flash.o
 .text.FLASH_OB_GetBOR
                0x00000000       0x20 ..\obj\stm32f4xx_flash.o
 .text.FLASH_ITConfig
                0x00000000       0x3c ..\obj\stm32f4xx_flash.o
 .text.FLASH_GetFlagStatus
                0x00000000       0x34 ..\obj\stm32f4xx_flash.o
 .text.FLASH_ClearFlag
                0x00000000       0x1c ..\obj\stm32f4xx_flash.o
 .text.FLASH_GetStatus
                0x00000000       0x68 ..\obj\stm32f4xx_flash.o
 .text.FLASH_WaitForLastOperation
                0x00000000       0x30 ..\obj\stm32f4xx_flash.o
 .debug_info    0x00000000      0x71b ..\obj\stm32f4xx_flash.o
 .debug_abbrev  0x00000000      0x1ae ..\obj\stm32f4xx_flash.o
 .debug_aranges
                0x00000000      0x108 ..\obj\stm32f4xx_flash.o
 .debug_ranges  0x00000000       0xf8 ..\obj\stm32f4xx_flash.o
 .debug_line    0x00000000      0x480 ..\obj\stm32f4xx_flash.o
 .debug_str     0x00000000      0x5c7 ..\obj\stm32f4xx_flash.o
 .comment       0x00000000       0x71 ..\obj\stm32f4xx_flash.o
 .ARM.attributes
                0x00000000       0x39 ..\obj\stm32f4xx_flash.o
 .debug_frame   0x00000000      0x360 ..\obj\stm32f4xx_flash.o
 .text          0x00000000        0x0 ..\obj\list.o
 .data          0x00000000        0x0 ..\obj\list.o
 .bss           0x00000000        0x0 ..\obj\list.o
 .text          0x00000000        0x0 ..\obj\system_stm32f4xx.o
 .data          0x00000000       0x14 ..\obj\system_stm32f4xx.o
 .bss           0x00000000        0x0 ..\obj\system_stm32f4xx.o
 .text.SystemCoreClockUpdate
                0x00000000       0xf8 ..\obj\system_stm32f4xx.o
 .text          0x00000000        0x0 ..\obj\syscalls.o
 .data          0x00000000        0x0 ..\obj\syscalls.o
 .bss           0x00000000        0x4 ..\obj\syscalls.o
 .text._sbrk    0x00000000       0x40 ..\obj\syscalls.o
 .text.link     0x00000000       0x1c ..\obj\syscalls.o
 .text._close   0x00000000       0x18 ..\obj\syscalls.o
 .text._fstat   0x00000000       0x20 ..\obj\syscalls.o
 .text._isatty  0x00000000       0x18 ..\obj\syscalls.o
 .text._lseek   0x00000000       0x1c ..\obj\syscalls.o
 .text._read    0x00000000       0x1c ..\obj\syscalls.o
 .text._write   0x00000000       0x1c ..\obj\syscalls.o
 .text.abort    0x00000000        0x8 ..\obj\syscalls.o
 .debug_info    0x00000000      0x3ee ..\obj\syscalls.o
 .debug_abbrev  0x00000000       0xe2 ..\obj\syscalls.o
 .debug_aranges
                0x00000000       0x60 ..\obj\syscalls.o
 .debug_ranges  0x00000000       0x50 ..\obj\syscalls.o
 .debug_line    0x00000000      0x15d ..\obj\syscalls.o
 .debug_str     0x00000000      0x318 ..\obj\syscalls.o
 .comment       0x00000000       0x71 ..\obj\syscalls.o
 .ARM.attributes
                0x00000000       0x39 ..\obj\syscalls.o
 .debug_frame   0x00000000      0x108 ..\obj\syscalls.o
 .text          0x00000000        0x0 ..\obj\queue.o
 .data          0x00000000        0x0 ..\obj\queue.o
 .bss           0x00000000        0x0 ..\obj\queue.o
 .text.xQueueGenericReset
                0x00000000       0xb0 ..\obj\queue.o
 .text.xQueueGenericCreate
                0x00000000       0x7c ..\obj\queue.o
 .text.xQueueCreateMutex
                0x00000000       0x88 ..\obj\queue.o
 .text.xQueueGenericSend
                0x00000000      0x16c ..\obj\queue.o
 .text.xQueueGenericSendFromISR
                0x00000000       0xe8 ..\obj\queue.o
 .text.xQueueGenericReceive
                0x00000000      0x19c ..\obj\queue.o
 .text.xQueueReceiveFromISR
                0x00000000       0xb4 ..\obj\queue.o
 .text.xQueuePeekFromISR
                0x00000000       0x78 ..\obj\queue.o
 .text.uxQueueMessagesWaiting
                0x00000000       0x2c ..\obj\queue.o
 .text.uxQueueSpacesAvailable
                0x00000000       0x38 ..\obj\queue.o
 .text.uxQueueMessagesWaitingFromISR
                0x00000000       0x24 ..\obj\queue.o
 .text.vQueueDelete
                0x00000000       0x38 ..\obj\queue.o
 .text.prvCopyDataToQueue
                0x00000000       0xdc ..\obj\queue.o
 .text.prvCopyDataFromQueue
                0x00000000       0x4c ..\obj\queue.o
 .text.prvUnlockQueue
                0x00000000       0x98 ..\obj\queue.o
 .text.prvIsQueueEmpty
                0x00000000       0x2c ..\obj\queue.o
 .text.xQueueIsQueueEmptyFromISR
                0x00000000       0x30 ..\obj\queue.o
 .text.prvIsQueueFull
                0x00000000       0x30 ..\obj\queue.o
 .text.xQueueIsQueueFullFromISR
                0x00000000       0x34 ..\obj\queue.o
 .debug_info    0x00000000      0x946 ..\obj\queue.o
 .debug_abbrev  0x00000000      0x161 ..\obj\queue.o
 .debug_aranges
                0x00000000       0xb0 ..\obj\queue.o
 .debug_ranges  0x00000000       0xa0 ..\obj\queue.o
 .debug_line    0x00000000      0x5f6 ..\obj\queue.o
 .debug_str     0x00000000      0x625 ..\obj\queue.o
 .comment       0x00000000       0x71 ..\obj\queue.o
 .ARM.attributes
                0x00000000       0x39 ..\obj\queue.o
 .debug_frame   0x00000000      0x270 ..\obj\queue.o
 .text          0x00000000        0x0 ..\obj\port.o
 .rodata        0x00000000        0x4 ..\obj\port.o
 .text.vPortEndScheduler
                0x00000000       0x1c ..\obj\port.o
 .text.vPortValidateInterruptPriority
                0x00000000       0x58 ..\obj\port.o
 .text          0x00000000        0x0 ..\obj\croutine.o
 .data          0x00000000        0x0 ..\obj\croutine.o
 .bss           0x00000000       0x94 ..\obj\croutine.o
 .text.xCoRoutineCreate
                0x00000000       0xcc ..\obj\croutine.o
 .text.vCoRoutineAddToDelayedList
                0x00000000       0x84 ..\obj\croutine.o
 .text.prvCheckPendingReadyList
                0x00000000       0x78 ..\obj\croutine.o
 .text.prvCheckDelayedList
                0x00000000       0xf8 ..\obj\croutine.o
 .text.vCoRoutineSchedule
                0x00000000       0xa0 ..\obj\croutine.o
 .text.prvInitialiseCoRoutineLists
                0x00000000       0x68 ..\obj\croutine.o
 .text.xCoRoutineRemoveFromEventList
                0x00000000       0x50 ..\obj\croutine.o
 .debug_info    0x00000000      0x4e1 ..\obj\croutine.o
 .debug_abbrev  0x00000000      0x196 ..\obj\croutine.o
 .debug_aranges
                0x00000000       0x50 ..\obj\croutine.o
 .debug_ranges  0x00000000       0x40 ..\obj\croutine.o
 .debug_line    0x00000000      0x2d6 ..\obj\croutine.o
 .debug_str     0x00000000      0x520 ..\obj\croutine.o
 .comment       0x00000000       0x71 ..\obj\croutine.o
 .ARM.attributes
                0x00000000       0x39 ..\obj\croutine.o
 .debug_frame   0x00000000       0xf0 ..\obj\croutine.o
 .text          0x00000000        0x0 ..\obj\stm32f4xx_spi.o
 .data          0x00000000        0x0 ..\obj\stm32f4xx_spi.o
 .bss           0x00000000        0x0 ..\obj\stm32f4xx_spi.o
 .text.I2S_Init
                0x00000000      0x1b0 ..\obj\stm32f4xx_spi.o
 .text.SPI_StructInit
                0x00000000       0x48 ..\obj\stm32f4xx_spi.o
 .text.I2S_StructInit
                0x00000000       0x38 ..\obj\stm32f4xx_spi.o
 .text.I2S_Cmd  0x00000000       0x40 ..\obj\stm32f4xx_spi.o
 .text.SPI_DataSizeConfig
                0x00000000       0x38 ..\obj\stm32f4xx_spi.o
 .text.SPI_BiDirectionalLineConfig
                0x00000000       0x40 ..\obj\stm32f4xx_spi.o
 .text.SPI_NSSInternalSoftwareConfig
                0x00000000       0x44 ..\obj\stm32f4xx_spi.o
 .text.SPI_SSOutputCmd
                0x00000000       0x40 ..\obj\stm32f4xx_spi.o
 .text.SPI_TIModeCmd
                0x00000000       0x40 ..\obj\stm32f4xx_spi.o
 .text.I2S_FullDuplexConfig
                0x00000000       0x9c ..\obj\stm32f4xx_spi.o
 .text.SPI_I2S_ReceiveData
                0x00000000       0x1c ..\obj\stm32f4xx_spi.o
 .text.SPI_I2S_SendData
                0x00000000       0x1c ..\obj\stm32f4xx_spi.o
 .text.SPI_CalculateCRC
                0x00000000       0x40 ..\obj\stm32f4xx_spi.o
 .text.SPI_TransmitCRC
                0x00000000       0x24 ..\obj\stm32f4xx_spi.o
 .text.SPI_GetCRC
                0x00000000       0x34 ..\obj\stm32f4xx_spi.o
 .text.SPI_GetCRCPolynomial
                0x00000000       0x1c ..\obj\stm32f4xx_spi.o
 .text.SPI_I2S_DMACmd
                0x00000000       0x48 ..\obj\stm32f4xx_spi.o
 .text.SPI_I2S_ITConfig
                0x00000000       0x60 ..\obj\stm32f4xx_spi.o
 .text.SPI_I2S_GetFlagStatus
                0x00000000       0x38 ..\obj\stm32f4xx_spi.o
 .text.SPI_I2S_ClearFlag
                0x00000000       0x20 ..\obj\stm32f4xx_spi.o
 .text.SPI_I2S_GetITStatus
                0x00000000       0x78 ..\obj\stm32f4xx_spi.o
 .text.SPI_I2S_ClearITPendingBit
                0x00000000       0x34 ..\obj\stm32f4xx_spi.o
 .text          0x00000000        0x0 ..\obj\heap_2.o
 .rodata        0x00000000        0x2 ..\obj\heap_2.o
 .text.xPortGetFreeHeapSize
                0x00000000       0x18 ..\obj\heap_2.o
 .text.vPortInitialiseBlocks
                0x00000000        0xc ..\obj\heap_2.o
 .text          0x00000000      0x134 e:/dev/gcc-arm/4.8-2014q3/bin/../lib/gcc/arm-none-eabi/4.8.4/../../../../arm-none-eabi/lib/armv7e-m/fpu\libg.a(lib_a-memcpy.o)
 .data          0x00000000        0x0 e:/dev/gcc-arm/4.8-2014q3/bin/../lib/gcc/arm-none-eabi/4.8.4/../../../../arm-none-eabi/lib/armv7e-m/fpu\libg.a(lib_a-memcpy.o)
 .bss           0x00000000        0x0 e:/dev/gcc-arm/4.8-2014q3/bin/../lib/gcc/arm-none-eabi/4.8.4/../../../../arm-none-eabi/lib/armv7e-m/fpu\libg.a(lib_a-memcpy.o)
 .ARM.attributes
                0x00000000       0x20 e:/dev/gcc-arm/4.8-2014q3/bin/../lib/gcc/arm-none-eabi/4.8.4/../../../../arm-none-eabi/lib/armv7e-m/fpu\libg.a(lib_a-memcpy.o)
 .text          0x00000000        0x0 e:/dev/gcc-arm/4.8-2014q3/bin/../lib/gcc/arm-none-eabi/4.8.4/../../../../arm-none-eabi/lib/armv7e-m/fpu\libg.a(lib_a-memset.o)
 .data          0x00000000        0x0 e:/dev/gcc-arm/4.8-2014q3/bin/../lib/gcc/arm-none-eabi/4.8.4/../../../../arm-none-eabi/lib/armv7e-m/fpu\libg.a(lib_a-memset.o)
 .bss           0x00000000        0x0 e:/dev/gcc-arm/4.8-2014q3/bin/../lib/gcc/arm-none-eabi/4.8.4/../../../../arm-none-eabi/lib/armv7e-m/fpu\libg.a(lib_a-memset.o)

Memory Configuration

Name             Origin             Length             Attributes
rom              0x08000000         0x00100000         xr
ram              0x20000000         0x00020000         xrw
ram1             0x10000000         0x00010000         xrw
*default*        0x00000000         0xffffffff

Linker script and memory map

                0x20020000                _eram = 0x20020000

.text           0x08000000     0x222c
 *(.isr_vector)
 .isr_vector    0x08000000      0x188 ..\obj\startup_stm32f4xx.o
                0x08000000                g_pfnVectors
 *(.text*)
 .text.USART_Init
                0x08000188      0x174 ..\obj\stm32f4xx_usart.o
                0x08000188                USART_Init
 .text.USART_Cmd
                0x080002fc       0x40 ..\obj\stm32f4xx_usart.o
                0x080002fc                USART_Cmd
 .text.USART_OverSampling8Cmd
                0x0800033c       0x44 ..\obj\stm32f4xx_usart.o
                0x0800033c                USART_OverSampling8Cmd
 .text.USART_ReceiveData
                0x08000380       0x20 ..\obj\stm32f4xx_usart.o
                0x08000380                USART_ReceiveData
 .text.Default_Reset_Handler
                0x080003a0       0x70 ..\obj\startup_stm32f4xx.o
                0x080003a0                Default_Reset_Handler
                0x080003a0                Reset_Handler
 .text.Default_Handler
                0x08000410        0x8 ..\obj\startup_stm32f4xx.o
                0x08000410                RTC_Alarm_IRQHandler
                0x08000410                HASH_RNG_IRQHandler
                0x08000410                EXTI2_IRQHandler
                0x08000410                TIM8_CC_IRQHandler
                0x08000410                DebugMon_Handler
                0x08000410                TIM1_CC_IRQHandler
                0x08000410                DMA2_Stream5_IRQHandler
                0x08000410                HardFault_Handler
                0x08000410                DMA1_Stream5_IRQHandler
                0x08000410                PVD_IRQHandler
                0x08000410                SDIO_IRQHandler
                0x08000410                TAMP_STAMP_IRQHandler
                0x08000410                NMI_Handler
                0x08000410                CAN2_RX1_IRQHandler
                0x08000410                EXTI3_IRQHandler
                0x08000410                TIM8_TRG_COM_TIM14_IRQHandler
                0x08000410                TIM1_UP_TIM10_IRQHandler
                0x08000410                TIM8_UP_TIM13_IRQHandler
                0x08000410                I2C3_ER_IRQHandler
                0x08000410                EXTI0_IRQHandler
                0x08000410                I2C2_EV_IRQHandler
                0x08000410                DMA1_Stream2_IRQHandler
                0x08000410                CAN1_RX0_IRQHandler
                0x08000410                FPU_IRQHandler
                0x08000410                OTG_HS_WKUP_IRQHandler
                0x08000410                UsageFault_Handler
                0x08000410                CAN2_SCE_IRQHandler
                0x08000410                DMA2_Stream2_IRQHandler
                0x08000410                SPI1_IRQHandler
                0x08000410                TIM6_DAC_IRQHandler
                0x08000410                TIM1_BRK_TIM9_IRQHandler
                0x08000410                DCMI_IRQHandler
                0x08000410                CAN2_RX0_IRQHandler
                0x08000410                DMA2_Stream3_IRQHandler
                0x08000410                USART6_IRQHandler
                0x08000410                USART3_IRQHandler
                0x08000410                CRYP_IRQHandler
                0x08000410                CAN1_RX1_IRQHandler
                0x08000410                UART5_IRQHandler
                0x08000410                DMA2_Stream0_IRQHandler
                0x08000410                TIM4_IRQHandler
                0x08000410                I2C1_EV_IRQHandler
                0x08000410                DMA1_Stream6_IRQHandler
                0x08000410                DMA1_Stream1_IRQHandler
                0x08000410                UART4_IRQHandler
                0x08000410                TIM3_IRQHandler
                0x08000410                RCC_IRQHandler
                0x08000410                TIM8_BRK_TIM12_IRQHandler
                0x08000410                EXTI15_10_IRQHandler
                0x08000410                ADC_IRQHandler
                0x08000410                DMA1_Stream7_IRQHandler
                0x08000410                TIM7_IRQHandler
                0x08000410                CAN2_TX_IRQHandler
                0x08000410                TIM5_IRQHandler
                0x08000410                DMA2_Stream7_IRQHandler
                0x08000410                I2C3_EV_IRQHandler
                0x08000410                EXTI9_5_IRQHandler
                0x08000410                RTC_WKUP_IRQHandler
                0x08000410                ETH_WKUP_IRQHandler
                0x08000410                SPI2_IRQHandler
                0x08000410                OTG_HS_EP1_IN_IRQHandler
                0x08000410                MemManage_Handler
                0x08000410                DMA1_Stream0_IRQHandler
                0x08000410                CAN1_TX_IRQHandler
                0x08000410                EXTI4_IRQHandler
                0x08000410                FSMC_IRQHandler
                0x08000410                ETH_IRQHandler
                0x08000410                OTG_HS_EP1_OUT_IRQHandler
                0x08000410                WWDG_IRQHandler
                0x08000410                TIM2_IRQHandler
                0x08000410                OTG_FS_WKUP_IRQHandler
                0x08000410                TIM1_TRG_COM_TIM11_IRQHandler
                0x08000410                OTG_HS_IRQHandler
                0x08000410                EXTI1_IRQHandler
                0x08000410                USART2_IRQHandler
                0x08000410                I2C2_ER_IRQHandler
                0x08000410                DMA2_Stream1_IRQHandler
                0x08000410                CAN1_SCE_IRQHandler
                0x08000410                FLASH_IRQHandler
                0x08000410                DMA2_Stream4_IRQHandler
                0x08000410                BusFault_Handler
                0x08000410                USART1_IRQHandler
                0x08000410                OTG_FS_IRQHandler
                0x08000410                SPI3_IRQHandler
                0x08000410                DMA1_Stream4_IRQHandler
                0x08000410                I2C1_ER_IRQHandler
                0x08000410                DMA2_Stream6_IRQHandler
                0x08000410                DMA1_Stream3_IRQHandler
 .text.SPI2_send
                0x08000418       0x5c ..\obj\main.o
                0x08000418                SPI2_send
 .text.vLED     0x08000474       0x5c ..\obj\main.o
                0x08000474                vLED
 .text.nrf_read_reg
                0x080004d0       0x44 ..\obj\main.o
                0x080004d0                nrf_read_reg
 .text.nrf_write_reg
                0x08000514       0x4c ..\obj\main.o
                0x08000514                nrf_write_reg
 .text.vSPI     0x08000560      0x240 ..\obj\main.o
                0x08000560                vSPI
 .text.usart_init
                0x080007a0       0xa4 ..\obj\main.o
                0x080007a0                usart_init
 .text.packet_parser
                0x08000844       0xa0 ..\obj\main.o
                0x08000844                packet_parser
 .text.vScanUsart
                0x080008e4      0x180 ..\obj\main.o
                0x080008e4                vScanUsart
 .text.main     0x08000a64       0x94 ..\obj\main.o
                0x08000a64                main
 .text.RCC_HSEConfig
                0x08000af8       0x24 ..\obj\stm32f4xx_rcc.o
                0x08000af8                RCC_HSEConfig
 .text.RCC_WaitForHSEStartUp
                0x08000b1c       0x50 ..\obj\stm32f4xx_rcc.o
                0x08000b1c                RCC_WaitForHSEStartUp
 .text.RCC_GetClocksFreq
                0x08000b6c      0x154 ..\obj\stm32f4xx_rcc.o
                0x08000b6c                RCC_GetClocksFreq
 .text.RCC_AHB1PeriphClockCmd
                0x08000cc0       0x3c ..\obj\stm32f4xx_rcc.o
                0x08000cc0                RCC_AHB1PeriphClockCmd
 .text.RCC_APB1PeriphClockCmd
                0x08000cfc       0x3c ..\obj\stm32f4xx_rcc.o
                0x08000cfc                RCC_APB1PeriphClockCmd
 .text.RCC_APB1PeriphResetCmd
                0x08000d38       0x3c ..\obj\stm32f4xx_rcc.o
                0x08000d38                RCC_APB1PeriphResetCmd
 .text.RCC_APB2PeriphResetCmd
                0x08000d74       0x3c ..\obj\stm32f4xx_rcc.o
                0x08000d74                RCC_APB2PeriphResetCmd
 .text.RCC_GetFlagStatus
                0x08000db0       0x74 ..\obj\stm32f4xx_rcc.o
                0x08000db0                RCC_GetFlagStatus
 .text.xTaskGenericCreate
                0x08000e24      0x15c ..\obj\tasks.o
                0x08000e24                xTaskGenericCreate
 .text.vTaskDelay
                0x08000f80       0x84 ..\obj\tasks.o
                0x08000f80                vTaskDelay
 .text.vTaskStartScheduler
                0x08001004       0x64 ..\obj\tasks.o
                0x08001004                vTaskStartScheduler
 .text.vTaskSuspendAll
                0x08001068       0x1c ..\obj\tasks.o
                0x08001068                vTaskSuspendAll
 .text.xTaskResumeAll
                0x08001084      0x108 ..\obj\tasks.o
                0x08001084                xTaskResumeAll
 .text.xTaskIncrementTick
                0x0800118c      0x16c ..\obj\tasks.o
                0x0800118c                xTaskIncrementTick
 .text.vTaskSwitchContext
                0x080012f8       0xa0 ..\obj\tasks.o
                0x080012f8                vTaskSwitchContext
 .text.prvIdleTask
                0x08001398       0x20 ..\obj\tasks.o
 .text.prvInitialiseTCBVariables
                0x080013b8       0x94 ..\obj\tasks.o
 .text.prvInitialiseTaskLists
                0x0800144c       0x68 ..\obj\tasks.o
 .text.prvCheckTasksWaitingTermination
                0x080014b4        0xc ..\obj\tasks.o
 .text.prvAddCurrentTaskToDelayedList
                0x080014c0       0x6c ..\obj\tasks.o
 .text.prvAllocateTCBAndStack
                0x0800152c       0x50 ..\obj\tasks.o
 .text.prvResetNextTaskUnblockTime
                0x0800157c       0x48 ..\obj\tasks.o
 .text.GPIO_Init
                0x080015c4      0x11c ..\obj\stm32f4xx_gpio.o
                0x080015c4                GPIO_Init
 .text.GPIO_SetBits
                0x080016e0       0x1c ..\obj\stm32f4xx_gpio.o
                0x080016e0                GPIO_SetBits
 .text.GPIO_ResetBits
                0x080016fc       0x1c ..\obj\stm32f4xx_gpio.o
                0x080016fc                GPIO_ResetBits
 .text.GPIO_PinAFConfig
                0x08001718       0x8c ..\obj\stm32f4xx_gpio.o
                0x08001718                GPIO_PinAFConfig
 .text.vListInitialise
                0x080017a4       0x40 ..\obj\list.o
                0x080017a4                vListInitialise
 .text.vListInitialiseItem
                0x080017e4       0x18 ..\obj\list.o
                0x080017e4                vListInitialiseItem
 .text.vListInsertEnd
                0x080017fc       0x48 ..\obj\list.o
                0x080017fc                vListInsertEnd
 .text.vListInsert
                0x08001844       0x70 ..\obj\list.o
                0x08001844                vListInsert
 .text.uxListRemove
                0x080018b4       0x54 ..\obj\list.o
                0x080018b4                uxListRemove
 .text.SystemInit
                0x08001908       0x68 ..\obj\system_stm32f4xx.o
                0x08001908                SystemInit
 .text.SetSysClock
                0x08001970       0xf4 ..\obj\system_stm32f4xx.o
 .text.pxPortInitialiseStack
                0x08001a64       0x64 ..\obj\port.o
                0x08001a64                pxPortInitialiseStack
 .text.prvTaskExitError
                0x08001ac8       0x20 ..\obj\port.o
 .text.SVC_Handler
                0x08001ae8       0x20 ..\obj\port.o
                0x08001ae8                SVC_Handler
 .text.prvPortStartFirstTask
                0x08001b08       0x20 ..\obj\port.o
 .text.xPortStartScheduler
                0x08001b28       0xd0 ..\obj\port.o
                0x08001b28                xPortStartScheduler
 .text.vPortYield
                0x08001bf8       0x20 ..\obj\port.o
                0x08001bf8                vPortYield
 .text.vPortEnterCritical
                0x08001c18       0x40 ..\obj\port.o
                0x08001c18                vPortEnterCritical
 .text.vPortExitCritical
                0x08001c58       0x30 ..\obj\port.o
                0x08001c58                vPortExitCritical
 .text.ulPortSetInterruptMask
                0x08001c88       0x14 ..\obj\port.o
                0x08001c88                ulPortSetInterruptMask
 .text.vPortClearInterruptMask
                0x08001c9c        0x8 ..\obj\port.o
                0x08001c9c                vPortClearInterruptMask
 .text.PendSV_Handler
                0x08001ca4       0x58 ..\obj\port.o
                0x08001ca4                PendSV_Handler
 .text.SysTick_Handler
                0x08001cfc       0x28 ..\obj\port.o
                0x08001cfc                SysTick_Handler
 .text.vPortSetupTimerInterrupt
                0x08001d24       0x24 ..\obj\port.o
                0x08001d24                vPortSetupTimerInterrupt
 .text.vPortEnableVFP
                0x08001d48       0x14 ..\obj\port.o
 .text.SPI_I2S_DeInit
                0x08001d5c       0x74 ..\obj\stm32f4xx_spi.o
                0x08001d5c                SPI_I2S_DeInit
 .text.SPI_Init
                0x08001dd0       0x88 ..\obj\stm32f4xx_spi.o
                0x08001dd0                SPI_Init
 .text.SPI_Cmd  0x08001e58       0x40 ..\obj\stm32f4xx_spi.o
                0x08001e58                SPI_Cmd
 .text.pvPortMalloc
                0x08001e98      0x118 ..\obj\heap_2.o
                0x08001e98                pvPortMalloc
 .text.vPortFree
                0x08001fb0       0x70 ..\obj\heap_2.o
                0x08001fb0                vPortFree
 .text.prvHeapInit
                0x08002020       0x50 ..\obj\heap_2.o
 .text.memset   0x08002070       0x94 e:/dev/gcc-arm/4.8-2014q3/bin/../lib/gcc/arm-none-eabi/4.8.4/../../../../arm-none-eabi/lib/armv7e-m/fpu\libg.a(lib_a-memset.o)
                0x08002070                memset
 *(.init)
 *(.fini)
 *crtbegin.o(.ctors)
 *crtbegin?.o(.ctors)
 *(EXCLUDE_FILE(*crtend.o *crtend?.o) .ctors)
 *(SORT(.ctors.*))
 *(.ctors)
 *crtbegin.o(.dtors)
 *crtbegin?.o(.dtors)
 *(EXCLUDE_FILE(*crtend.o *crtend?.o) .dtors)
 *(SORT(.dtors.*))
 *(.dtors)
 *(.rodata*)
 .rodata        0x08002104      0x120 ..\obj\main.o
                0x08002104                FEND
                0x08002105                FESC
                0x08002106                TFEND
                0x08002107                TFESC
                0x08002108                crc8Table
 .rodata        0x08002224        0x8 ..\obj\tasks.o
 *(.eh_fram e*)

.glue_7         0x0800222c        0x0
 .glue_7        0x00000000        0x0 linker stubs

.glue_7t        0x0800222c        0x0
 .glue_7t       0x00000000        0x0 linker stubs

.vfp11_veneer   0x0800222c        0x0
 .vfp11_veneer  0x00000000        0x0 linker stubs

.v4_bx          0x0800222c        0x0
 .v4_bx         0x00000000        0x0 linker stubs

.iplt           0x0800222c        0x0
 .iplt          0x00000000        0x0 ..\obj\stm32f4xx_usart.o

.rel.dyn        0x0800222c        0x0
 .rel.iplt      0x00000000        0x0 ..\obj\stm32f4xx_usart.o

.ARM.extab
 *(.ARM.extab* .gnu.linkonce.armextab.*)
                0x0800222c                __exidx_start = .

.ARM.exidx
 *(.ARM.exidx* .gnu.linkonce.armexidx.*)
                0x0800222c                __exidx_end = .
                0x0800222c                __etext = .
                0x0800222c                _sidata = __etext

.data           0x20000000       0x1c load address 0x0800222c
                0x20000000                __data_start__ = .
                0x20000000                _sdata = __data_start__
 *(vtable)
 *(.data*)
 .data          0x20000000       0x10 ..\obj\stm32f4xx_rcc.o
 .data          0x20000010        0x4 ..\obj\tasks.o
 .data          0x20000014        0x4 ..\obj\port.o
 .data          0x20000018        0x4 ..\obj\heap_2.o
                0x2000001c                . = ALIGN (0x4)
                0x2000001c                PROVIDE (__preinit_array_start, .)
 *(.preinit_array)
                0x2000001c                PROVIDE (__preinit_array_end, .)
                0x2000001c                . = ALIGN (0x4)
                0x2000001c                PROVIDE (__init_array_start, .)
 *(SORT(.init_array.*))
 *(.init_array)
                0x2000001c                PROVIDE (__init_array_end, .)
                0x2000001c                . = ALIGN (0x4)
                0x2000001c                PROVIDE (__fini_array_start, .)
 *(SORT(.fini_array.*))
 *(.fini_array)
                0x2000001c                PROVIDE (__fini_array_end, .)
 *(.jcr*)
                0x2000001c                . = ALIGN (0x4)
                0x2000001c                __data_end__ = .
                0x2000001c                _edata = __data_end__

.igot.plt       0x2000001c        0x0 load address 0x08002248
 .igot.plt      0x00000000        0x0 ..\obj\stm32f4xx_usart.o

.bss            0x2000001c      0xec8 load address 0x08002248
                0x2000001c                . = ALIGN (0x4)
                0x2000001c                __bss_start__ = .
                0x2000001c                _sbss = __bss_start__
 *(.bss*)
 .bss           0x2000001c      0x100 ..\obj\main.o
 .bss           0x2000011c      0x1ac ..\obj\tasks.o
                0x2000011c                pxCurrentTCB
 .bss           0x200002c8        0x8 ..\obj\port.o
 .bss           0x200002d0      0xc14 ..\obj\heap_2.o
 *(COMMON)
                0x20000ee4                . = ALIGN (0x4)
                0x20000ee4                __bss_end__ = .
                0x20000ee4                _ebss = __bss_end__

.heap           0x20000ee4        0x0
                0x20000ee4                __end__ = .
                0x20000ee4                _end = __end__
                0x20000ee4                end = __end__
 *(.heap*)
                0x20000ee4                __HeapLimit = .

.co_stack       0x20000ee4      0x804 load address 0x08003110
                0x20000ee8                . = ALIGN (0x8)
 *fill*         0x20000ee4        0x4 
 *(.co_stack .co_stack.*)
 .co_stack      0x20000ee8      0x800 ..\obj\startup_stm32f4xx.o
                0x20000ee8                pulStack
                0x20020000                __StackTop = (ORIGIN (ram) + 0x20000)
                0x2001f7fc                __StackLimit = (__StackTop - SIZEOF (.co_stack))
                0x20020000                PROVIDE (__stack, __StackTop)
                0x00000001                ASSERT ((__StackLimit >= __HeapLimit), region ram  overflowed with stack)
LOAD ..\obj\stm32f4xx_usart.o
LOAD ..\obj\startup_stm32f4xx.o
LOAD ..\obj\main.o
LOAD ..\obj\stm32f4xx_rcc.o
LOAD ..\obj\timers.o
LOAD ..\obj\tasks.o
LOAD ..\obj\stm32f4xx_gpio.o
LOAD ..\obj\stm32f4xx_flash.o
LOAD ..\obj\list.o
LOAD ..\obj\system_stm32f4xx.o
LOAD ..\obj\syscalls.o
LOAD ..\obj\queue.o
LOAD ..\obj\port.o
LOAD ..\obj\croutine.o
LOAD ..\obj\stm32f4xx_spi.o
LOAD ..\obj\heap_2.o
START GROUP
LOAD e:/dev/gcc-arm/4.8-2014q3/bin/../lib/gcc/arm-none-eabi/4.8.4/armv7e-m/fpu\libgcc.a
LOAD e:/dev/gcc-arm/4.8-2014q3/bin/../lib/gcc/arm-none-eabi/4.8.4/../../../../arm-none-eabi/lib/armv7e-m/fpu\libg.a
LOAD e:/dev/gcc-arm/4.8-2014q3/bin/../lib/gcc/arm-none-eabi/4.8.4/../../../../arm-none-eabi/lib/armv7e-m/fpu\libc.a
END GROUP
OUTPUT(dithard-stm32f4.elf elf32-littlearm)

.debug_info     0x00000000     0x4c86
 .debug_info    0x00000000      0x9c2 ..\obj\stm32f4xx_usart.o
 .debug_info    0x000009c2       0xed ..\obj\startup_stm32f4xx.o
 .debug_info    0x00000aaf      0x9b6 ..\obj\main.o
 .debug_info    0x00001465      0xc4d ..\obj\stm32f4xx_rcc.o
 .debug_info    0x000020b2      0xc2b ..\obj\tasks.o
 .debug_info    0x00002cdd      0x602 ..\obj\stm32f4xx_gpio.o
 .debug_info    0x000032df      0x2c4 ..\obj\list.o
 .debug_info    0x000035a3      0x592 ..\obj\system_stm32f4xx.o
 .debug_info    0x00003b35      0x34d ..\obj\port.o
 .debug_info    0x00003e82      0xb07 ..\obj\stm32f4xx_spi.o
 .debug_info    0x00004989      0x2fd ..\obj\heap_2.o

.debug_abbrev   0x00000000     0x106a
 .debug_abbrev  0x00000000      0x155 ..\obj\stm32f4xx_usart.o
 .debug_abbrev  0x00000155       0xb0 ..\obj\startup_stm32f4xx.o
 .debug_abbrev  0x00000205      0x223 ..\obj\main.o
 .debug_abbrev  0x00000428      0x1e3 ..\obj\stm32f4xx_rcc.o
 .debug_abbrev  0x0000060b      0x246 ..\obj\tasks.o
 .debug_abbrev  0x00000851      0x1a3 ..\obj\stm32f4xx_gpio.o
 .debug_abbrev  0x000009f4       0xd6 ..\obj\list.o
 .debug_abbrev  0x00000aca      0x136 ..\obj\system_stm32f4xx.o
 .debug_abbrev  0x00000c00      0x19b ..\obj\port.o
 .debug_abbrev  0x00000d9b      0x167 ..\obj\stm32f4xx_spi.o
 .debug_abbrev  0x00000f02      0x168 ..\obj\heap_2.o

.debug_aranges  0x00000000      0x6d8
 .debug_aranges
                0x00000000      0x100 ..\obj\stm32f4xx_usart.o
 .debug_aranges
                0x00000100       0x28 ..\obj\startup_stm32f4xx.o
 .debug_aranges
                0x00000128       0x80 ..\obj\main.o
 .debug_aranges
                0x000001a8      0x178 ..\obj\stm32f4xx_rcc.o
 .debug_aranges
                0x00000320      0x108 ..\obj\tasks.o
 .debug_aranges
                0x00000428       0x88 ..\obj\stm32f4xx_gpio.o
 .debug_aranges
                0x000004b0       0x40 ..\obj\list.o
 .debug_aranges
                0x000004f0       0x30 ..\obj\system_stm32f4xx.o
 .debug_aranges
                0x00000520       0x98 ..\obj\port.o
 .debug_aranges
                0x000005b8       0xe0 ..\obj\stm32f4xx_spi.o
 .debug_aranges
                0x00000698       0x40 ..\obj\heap_2.o

.debug_ranges   0x00000000      0x628
 .debug_ranges  0x00000000       0xf0 ..\obj\stm32f4xx_usart.o
 .debug_ranges  0x000000f0       0x18 ..\obj\startup_stm32f4xx.o
 .debug_ranges  0x00000108       0x70 ..\obj\main.o
 .debug_ranges  0x00000178      0x168 ..\obj\stm32f4xx_rcc.o
 .debug_ranges  0x000002e0       0xf8 ..\obj\tasks.o
 .debug_ranges  0x000003d8       0x78 ..\obj\stm32f4xx_gpio.o
 .debug_ranges  0x00000450       0x30 ..\obj\list.o
 .debug_ranges  0x00000480       0x20 ..\obj\system_stm32f4xx.o
 .debug_ranges  0x000004a0       0x88 ..\obj\port.o
 .debug_ranges  0x00000528       0xd0 ..\obj\stm32f4xx_spi.o
 .debug_ranges  0x000005f8       0x30 ..\obj\heap_2.o

.debug_line     0x00000000     0x26cc
 .debug_line    0x00000000      0x497 ..\obj\stm32f4xx_usart.o
 .debug_line    0x00000497       0xac ..\obj\startup_stm32f4xx.o
 .debug_line    0x00000543      0x447 ..\obj\main.o
 .debug_line    0x0000098a      0x58f ..\obj\stm32f4xx_rcc.o
 .debug_line    0x00000f19      0x6a1 ..\obj\tasks.o
 .debug_line    0x000015ba      0x334 ..\obj\stm32f4xx_gpio.o
 .debug_line    0x000018ee      0x215 ..\obj\list.o
 .debug_line    0x00001b03      0x1cb ..\obj\system_stm32f4xx.o
 .debug_line    0x00001cce      0x325 ..\obj\port.o
 .debug_line    0x00001ff3      0x447 ..\obj\stm32f4xx_spi.o
 .debug_line    0x0000243a      0x292 ..\obj\heap_2.o

.debug_str      0x00000000     0x230f
 .debug_str     0x00000000      0x649 ..\obj\stm32f4xx_usart.o
                                0x6c4 (size before relaxing)
 .debug_str     0x00000649       0xb9 ..\obj\startup_stm32f4xx.o
                                0x17c (size before relaxing)
 .debug_str     0x00000702      0x493 ..\obj\main.o
                                0x73c (size before relaxing)
 .debug_str     0x00000b95      0x5ec ..\obj\stm32f4xx_rcc.o
                                0x885 (size before relaxing)
 .debug_str     0x00001181      0x72e ..\obj\tasks.o
                                0x915 (size before relaxing)
 .debug_str     0x000018af      0x197 ..\obj\stm32f4xx_gpio.o
                                0x4d8 (size before relaxing)
 .debug_str     0x00001a46       0xd9 ..\obj\list.o
                                0x2f1 (size before relaxing)
 .debug_str     0x00001b1f      0x121 ..\obj\system_stm32f4xx.o
                                0x3df (size before relaxing)
 .debug_str     0x00001c40      0x24e ..\obj\port.o
                                0x424 (size before relaxing)
 .debug_str     0x00001e8e      0x306 ..\obj\stm32f4xx_spi.o
                                0x6bf (size before relaxing)
 .debug_str     0x00002194      0x17b ..\obj\heap_2.o
                                0x32b (size before relaxing)

.comment        0x00000000       0x70
 .comment       0x00000000       0x70 ..\obj\stm32f4xx_usart.o
                                 0x71 (size before relaxing)
 .comment       0x00000000       0x71 ..\obj\startup_stm32f4xx.o
 .comment       0x00000000       0x71 ..\obj\main.o
 .comment       0x00000000       0x71 ..\obj\stm32f4xx_rcc.o
 .comment       0x00000000       0x71 ..\obj\tasks.o
 .comment       0x00000000       0x71 ..\obj\stm32f4xx_gpio.o
 .comment       0x00000000       0x71 ..\obj\list.o
 .comment       0x00000000       0x71 ..\obj\system_stm32f4xx.o
 .comment       0x00000000       0x71 ..\obj\port.o
 .comment       0x00000000       0x71 ..\obj\stm32f4xx_spi.o
 .comment       0x00000000       0x71 ..\obj\heap_2.o

.ARM.attributes
                0x00000000       0x37
 .ARM.attributes
                0x00000000       0x39 ..\obj\stm32f4xx_usart.o
 .ARM.attributes
                0x00000039       0x39 ..\obj\startup_stm32f4xx.o
 .ARM.attributes
                0x00000072       0x39 ..\obj\main.o
 .ARM.attributes
                0x000000ab       0x39 ..\obj\stm32f4xx_rcc.o
 .ARM.attributes
                0x000000e4       0x39 ..\obj\tasks.o
 .ARM.attributes
                0x0000011d       0x39 ..\obj\stm32f4xx_gpio.o
 .ARM.attributes
                0x00000156       0x39 ..\obj\list.o
 .ARM.attributes
                0x0000018f       0x39 ..\obj\system_stm32f4xx.o
 .ARM.attributes
                0x000001c8       0x39 ..\obj\port.o
 .ARM.attributes
                0x00000201       0x39 ..\obj\stm32f4xx_spi.o
 .ARM.attributes
                0x0000023a       0x39 ..\obj\heap_2.o
 .ARM.attributes
                0x00000273       0x34 e:/dev/gcc-arm/4.8-2014q3/bin/../lib/gcc/arm-none-eabi/4.8.4/../../../../arm-none-eabi/lib/armv7e-m/fpu\libg.a(lib_a-memset.o)

.debug_frame    0x00000000     0x1564
 .debug_frame   0x00000000      0x344 ..\obj\stm32f4xx_usart.o
 .debug_frame   0x00000344       0x48 ..\obj\startup_stm32f4xx.o
 .debug_frame   0x0000038c      0x1ac ..\obj\main.o
 .debug_frame   0x00000538      0x4d8 ..\obj\stm32f4xx_rcc.o
 .debug_frame   0x00000a10      0x398 ..\obj\tasks.o
 .debug_frame   0x00000da8      0x19c ..\obj\stm32f4xx_gpio.o
 .debug_frame   0x00000f44       0x9c ..\obj\list.o
 .debug_frame   0x00000fe0       0x64 ..\obj\system_stm32f4xx.o
 .debug_frame   0x00001044      0x188 ..\obj\port.o
 .debug_frame   0x000011cc      0x2d0 ..\obj\stm32f4xx_spi.o
 .debug_frame   0x0000149c       0x9c ..\obj\heap_2.o
 .debug_frame   0x00001538       0x2c e:/dev/gcc-arm/4.8-2014q3/bin/../lib/gcc/arm-none-eabi/4.8.4/../../../../arm-none-eabi/lib/armv7e-m/fpu\libg.a(lib_a-memset.o)
