Archive member included because of file (symbol)

e:/dev/gcc-arm/4.8-2014q2/bin/../lib/gcc/arm-none-eabi/4.8.4/../../../../arm-none-eabi/lib/armv7-m\libg.a(lib_a-memcpy.o)
                              ..\obj\queue.o (memcpy)
e:/dev/gcc-arm/4.8-2014q2/bin/../lib/gcc/arm-none-eabi/4.8.4/../../../../arm-none-eabi/lib/armv7-m\libg.a(lib_a-memset.o)
                              ..\obj\main.o (memset)
e:/dev/gcc-arm/4.8-2014q2/bin/../lib/gcc/arm-none-eabi/4.8.4/../../../../arm-none-eabi/lib/armv7-m\libg.a(lib_a-strncpy.o)
                              ..\obj\tasks.o (strncpy)

Discarded input sections

 .text          0x00000000        0x0 ..\obj\startup_stm32f10x_md_vl.o
 .data          0x00000000        0x0 ..\obj\startup_stm32f10x_md_vl.o
 .bss           0x00000000        0x0 ..\obj\startup_stm32f10x_md_vl.o
 .text          0x00000000        0x0 ..\obj\core_cm3.o
 .data          0x00000000        0x0 ..\obj\core_cm3.o
 .bss           0x00000000        0x0 ..\obj\core_cm3.o
 .text.__get_PSP
                0x00000000       0x10 ..\obj\core_cm3.o
 .text.__set_PSP
                0x00000000        0x8 ..\obj\core_cm3.o
 .text.__get_MSP
                0x00000000       0x10 ..\obj\core_cm3.o
 .text.__set_MSP
                0x00000000        0x8 ..\obj\core_cm3.o
 .text.__get_BASEPRI
                0x00000000       0x20 ..\obj\core_cm3.o
 .text.__set_BASEPRI
                0x00000000       0x18 ..\obj\core_cm3.o
 .text.__get_PRIMASK
                0x00000000       0x20 ..\obj\core_cm3.o
 .text.__set_PRIMASK
                0x00000000       0x18 ..\obj\core_cm3.o
 .text.__get_FAULTMASK
                0x00000000       0x20 ..\obj\core_cm3.o
 .text.__set_FAULTMASK
                0x00000000       0x18 ..\obj\core_cm3.o
 .text.__get_CONTROL
                0x00000000       0x20 ..\obj\core_cm3.o
 .text.__set_CONTROL
                0x00000000       0x18 ..\obj\core_cm3.o
 .text.__REV    0x00000000       0x20 ..\obj\core_cm3.o
 .text.__REV16  0x00000000       0x24 ..\obj\core_cm3.o
 .text.__REVSH  0x00000000       0x24 ..\obj\core_cm3.o
 .text.__RBIT   0x00000000       0x24 ..\obj\core_cm3.o
 .text.__LDREXB
                0x00000000       0x24 ..\obj\core_cm3.o
 .text.__LDREXH
                0x00000000       0x24 ..\obj\core_cm3.o
 .text.__LDREXW
                0x00000000       0x24 ..\obj\core_cm3.o
 .text.__STREXB
                0x00000000       0x28 ..\obj\core_cm3.o
 .text.__STREXH
                0x00000000       0x28 ..\obj\core_cm3.o
 .text.__STREXW
                0x00000000       0x28 ..\obj\core_cm3.o
 .debug_info    0x00000000      0x527 ..\obj\core_cm3.o
 .debug_abbrev  0x00000000       0xac ..\obj\core_cm3.o
 .debug_aranges
                0x00000000       0xc8 ..\obj\core_cm3.o
 .debug_ranges  0x00000000       0xb8 ..\obj\core_cm3.o
 .debug_line    0x00000000      0x29c ..\obj\core_cm3.o
 .debug_str     0x00000000      0x2db ..\obj\core_cm3.o
 .comment       0x00000000       0x71 ..\obj\core_cm3.o
 .ARM.attributes
                0x00000000       0x33 ..\obj\core_cm3.o
 .debug_frame   0x00000000      0x248 ..\obj\core_cm3.o
 .text          0x00000000        0x0 ..\obj\system_stm32f10x.o
 .data          0x00000000       0x14 ..\obj\system_stm32f10x.o
 .bss           0x00000000        0x0 ..\obj\system_stm32f10x.o
 .text.SystemCoreClockUpdate
                0x00000000       0xd4 ..\obj\system_stm32f10x.o
 .text          0x00000000        0x0 ..\obj\hd44780_driver.o
 .data          0x00000000        0x0 ..\obj\hd44780_driver.o
 .bss           0x00000000        0x0 ..\obj\hd44780_driver.o
 .text.lcd_delay
                0x00000000        0xc ..\obj\hd44780_driver.o
 .text.lcd_init
                0x00000000       0x54 ..\obj\hd44780_driver.o
 .text.lcd_set_user_char
                0x00000000       0x54 ..\obj\hd44780_driver.o
 .text.lcd_set_xy
                0x00000000       0x3c ..\obj\hd44780_driver.o
 .text.lcd_out  0x00000000       0x2c ..\obj\hd44780_driver.o
 .text.lcd_clear
                0x00000000       0x10 ..\obj\hd44780_driver.o
 .text.lcd_set_state
                0x00000000       0x60 ..\obj\hd44780_driver.o
 .text.lcd_set_4bit_mode
                0x00000000       0x78 ..\obj\hd44780_driver.o
 .text.lcd_send
                0x00000000       0xe0 ..\obj\hd44780_driver.o
 .debug_info    0x00000000      0x2fa ..\obj\hd44780_driver.o
 .debug_abbrev  0x00000000      0x119 ..\obj\hd44780_driver.o
 .debug_aranges
                0x00000000       0x60 ..\obj\hd44780_driver.o
 .debug_ranges  0x00000000       0x50 ..\obj\hd44780_driver.o
 .debug_line    0x00000000      0x28a ..\obj\hd44780_driver.o
 .debug_str     0x00000000      0x2bf ..\obj\hd44780_driver.o
 .comment       0x00000000       0x71 ..\obj\hd44780_driver.o
 .ARM.attributes
                0x00000000       0x33 ..\obj\hd44780_driver.o
 .debug_frame   0x00000000      0x120 ..\obj\hd44780_driver.o
 .text          0x00000000        0x0 ..\obj\stm32f10x_gpio.o
 .data          0x00000000        0x0 ..\obj\stm32f10x_gpio.o
 .bss           0x00000000        0x0 ..\obj\stm32f10x_gpio.o
 .text.GPIO_DeInit
                0x00000000       0xe4 ..\obj\stm32f10x_gpio.o
 .text.GPIO_AFIODeInit
                0x00000000       0x18 ..\obj\stm32f10x_gpio.o
 .text.GPIO_StructInit
                0x00000000       0x28 ..\obj\stm32f10x_gpio.o
 .text.GPIO_ReadInputData
                0x00000000       0x1c ..\obj\stm32f10x_gpio.o
 .text.GPIO_ReadOutputDataBit
                0x00000000       0x34 ..\obj\stm32f10x_gpio.o
 .text.GPIO_ReadOutputData
                0x00000000       0x1c ..\obj\stm32f10x_gpio.o
 .text.GPIO_WriteBit
                0x00000000       0x30 ..\obj\stm32f10x_gpio.o
 .text.GPIO_Write
                0x00000000       0x1c ..\obj\stm32f10x_gpio.o
 .text.GPIO_PinLockConfig
                0x00000000       0x44 ..\obj\stm32f10x_gpio.o
 .text.GPIO_EventOutputConfig
                0x00000000       0x48 ..\obj\stm32f10x_gpio.o
 .text.GPIO_EventOutputCmd
                0x00000000       0x20 ..\obj\stm32f10x_gpio.o
 .text.GPIO_PinRemapConfig
                0x00000000       0xe0 ..\obj\stm32f10x_gpio.o
 .text.GPIO_EXTILineConfig
                0x00000000       0x7c ..\obj\stm32f10x_gpio.o
 .text.GPIO_ETH_MediaInterfaceConfig
                0x00000000       0x1c ..\obj\stm32f10x_gpio.o
 .text          0x00000000        0x0 ..\obj\main.o
 .data          0x00000000        0x1 ..\obj\main.o
 .bss           0x00000000      0x104 ..\obj\main.o
 .text.packet_parser
                0x00000000      0x114 ..\obj\main.o
 .text.usartSendChr
                0x00000000       0x5c ..\obj\main.o
 .text.usartSendWord
                0x00000000       0x88 ..\obj\main.o
 .text.usartSendByte
                0x00000000       0x64 ..\obj\main.o
 .text.vScanUsart
                0x00000000      0x228 ..\obj\main.o
 .text.vLCD     0x00000000       0x6c ..\obj\main.o
 .text.vRange   0x00000000       0xcc ..\obj\main.o
 .text.vDrive   0x00000000      0x1e8 ..\obj\main.o
 .text          0x00000000        0x0 ..\obj\timers.o
 .data          0x00000000        0x0 ..\obj\timers.o
 .bss           0x00000000        0x0 ..\obj\timers.o
 .debug_info    0x00000000       0x4b ..\obj\timers.o
 .debug_abbrev  0x00000000       0x24 ..\obj\timers.o
 .debug_aranges
                0x00000000       0x18 ..\obj\timers.o
 .debug_line    0x00000000       0x1d ..\obj\timers.o
 .debug_str     0x00000000      0x111 ..\obj\timers.o
 .comment       0x00000000       0x71 ..\obj\timers.o
 .ARM.attributes
                0x00000000       0x33 ..\obj\timers.o
 .text          0x00000000        0x0 ..\obj\stm32f10x_rcc.o
 .data          0x00000000       0x14 ..\obj\stm32f10x_rcc.o
 .bss           0x00000000        0x0 ..\obj\stm32f10x_rcc.o
 .text.RCC_AdjustHSICalibrationValue
                0x00000000       0x3c ..\obj\stm32f10x_rcc.o
 .text.RCC_HSICmd
                0x00000000       0x20 ..\obj\stm32f10x_rcc.o
 .text.RCC_PREDIV1Config
                0x00000000       0x40 ..\obj\stm32f10x_rcc.o
 .text.RCC_ITConfig
                0x00000000       0x48 ..\obj\stm32f10x_rcc.o
 .text.RCC_USBCLKConfig
                0x00000000       0x1c ..\obj\stm32f10x_rcc.o
 .text.RCC_ADCCLKConfig
                0x00000000       0x38 ..\obj\stm32f10x_rcc.o
 .text.RCC_LSEConfig
                0x00000000       0x40 ..\obj\stm32f10x_rcc.o
 .text.RCC_LSICmd
                0x00000000       0x20 ..\obj\stm32f10x_rcc.o
 .text.RCC_RTCCLKConfig
                0x00000000       0x24 ..\obj\stm32f10x_rcc.o
 .text.RCC_RTCCLKCmd
                0x00000000       0x20 ..\obj\stm32f10x_rcc.o
 .text.RCC_GetClocksFreq
                0x00000000      0x15c ..\obj\stm32f10x_rcc.o
 .text.RCC_AHBPeriphClockCmd
                0x00000000       0x3c ..\obj\stm32f10x_rcc.o
 .text.RCC_APB1PeriphClockCmd
                0x00000000       0x3c ..\obj\stm32f10x_rcc.o
 .text.RCC_BackupResetCmd
                0x00000000       0x20 ..\obj\stm32f10x_rcc.o
 .text.RCC_ClockSecuritySystemCmd
                0x00000000       0x20 ..\obj\stm32f10x_rcc.o
 .text.RCC_MCOConfig
                0x00000000       0x20 ..\obj\stm32f10x_rcc.o
 .text.RCC_ClearFlag
                0x00000000       0x1c ..\obj\stm32f10x_rcc.o
 .text.RCC_GetITStatus
                0x00000000       0x38 ..\obj\stm32f10x_rcc.o
 .text.RCC_ClearITPendingBit
                0x00000000       0x20 ..\obj\stm32f10x_rcc.o
 .text          0x00000000        0x0 ..\obj\tasks.o
 .text.vTaskEndScheduler
                0x00000000       0x18 ..\obj\tasks.o
 .text.xTaskGetTickCount
                0x00000000       0x24 ..\obj\tasks.o
 .text.xTaskGetTickCountFromISR
                0x00000000       0x28 ..\obj\tasks.o
 .text.uxTaskGetNumberOfTasks
                0x00000000       0x18 ..\obj\tasks.o
 .text.vTaskPlaceOnEventList
                0x00000000       0x44 ..\obj\tasks.o
 .text.xTaskRemoveFromEventList
                0x00000000       0xa0 ..\obj\tasks.o
 .text.vTaskSetTimeOutState
                0x00000000       0x2c ..\obj\tasks.o
 .text.xTaskCheckForTimeOut
                0x00000000       0x78 ..\obj\tasks.o
 .text.vTaskMissedYield
                0x00000000       0x18 ..\obj\tasks.o
 .text          0x00000000        0x0 ..\obj\stm32f10x_usart.o
 .data          0x00000000        0x0 ..\obj\stm32f10x_usart.o
 .bss           0x00000000        0x0 ..\obj\stm32f10x_usart.o
 .text.USART_DeInit
                0x00000000       0xb8 ..\obj\stm32f10x_usart.o
 .text.USART_Init
                0x00000000      0x174 ..\obj\stm32f10x_usart.o
 .text.USART_StructInit
                0x00000000       0x38 ..\obj\stm32f10x_usart.o
 .text.USART_ClockInit
                0x00000000       0x54 ..\obj\stm32f10x_usart.o
 .text.USART_ClockStructInit
                0x00000000       0x2c ..\obj\stm32f10x_usart.o
 .text.USART_Cmd
                0x00000000       0x40 ..\obj\stm32f10x_usart.o
 .text.USART_ITConfig
                0x00000000       0x90 ..\obj\stm32f10x_usart.o
 .text.USART_DMACmd
                0x00000000       0x48 ..\obj\stm32f10x_usart.o
 .text.USART_SetAddress
                0x00000000       0x38 ..\obj\stm32f10x_usart.o
 .text.USART_WakeUpConfig
                0x00000000       0x38 ..\obj\stm32f10x_usart.o
 .text.USART_ReceiverWakeUpCmd
                0x00000000       0x40 ..\obj\stm32f10x_usart.o
 .text.USART_LINBreakDetectLengthConfig
                0x00000000       0x38 ..\obj\stm32f10x_usart.o
 .text.USART_LINCmd
                0x00000000       0x40 ..\obj\stm32f10x_usart.o
 .text.USART_SendData
                0x00000000       0x24 ..\obj\stm32f10x_usart.o
 .text.USART_ReceiveData
                0x00000000       0x20 ..\obj\stm32f10x_usart.o
 .text.USART_SendBreak
                0x00000000       0x24 ..\obj\stm32f10x_usart.o
 .text.USART_SetGuardTime
                0x00000000       0x3c ..\obj\stm32f10x_usart.o
 .text.USART_SetPrescaler
                0x00000000       0x38 ..\obj\stm32f10x_usart.o
 .text.USART_SmartCardCmd
                0x00000000       0x40 ..\obj\stm32f10x_usart.o
 .text.USART_SmartCardNACKCmd
                0x00000000       0x40 ..\obj\stm32f10x_usart.o
 .text.USART_HalfDuplexCmd
                0x00000000       0x40 ..\obj\stm32f10x_usart.o
 .text.USART_OverSampling8Cmd
                0x00000000       0x44 ..\obj\stm32f10x_usart.o
 .text.USART_OneBitMethodCmd
                0x00000000       0x40 ..\obj\stm32f10x_usart.o
 .text.USART_IrDAConfig
                0x00000000       0x38 ..\obj\stm32f10x_usart.o
 .text.USART_IrDACmd
                0x00000000       0x40 ..\obj\stm32f10x_usart.o
 .text.USART_GetFlagStatus
                0x00000000       0x38 ..\obj\stm32f10x_usart.o
 .text.USART_ClearFlag
                0x00000000       0x20 ..\obj\stm32f10x_usart.o
 .text.USART_GetITStatus
                0x00000000       0xb0 ..\obj\stm32f10x_usart.o
 .text.USART_ClearITPendingBit
                0x00000000       0x38 ..\obj\stm32f10x_usart.o
 .debug_info    0x00000000      0x9d2 ..\obj\stm32f10x_usart.o
 .debug_abbrev  0x00000000      0x162 ..\obj\stm32f10x_usart.o
 .debug_aranges
                0x00000000      0x100 ..\obj\stm32f10x_usart.o
 .debug_ranges  0x00000000       0xf0 ..\obj\stm32f10x_usart.o
 .debug_line    0x00000000      0x48c ..\obj\stm32f10x_usart.o
 .debug_str     0x00000000      0x694 ..\obj\stm32f10x_usart.o
 .comment       0x00000000       0x71 ..\obj\stm32f10x_usart.o
 .ARM.attributes
                0x00000000       0x33 ..\obj\stm32f10x_usart.o
 .debug_frame   0x00000000      0x344 ..\obj\stm32f10x_usart.o
 .text          0x00000000        0x0 ..\obj\list.o
 .data          0x00000000        0x0 ..\obj\list.o
 .bss           0x00000000        0x0 ..\obj\list.o
 .text          0x00000000        0x0 ..\obj\stm32f10x_flash.o
 .data          0x00000000        0x0 ..\obj\stm32f10x_flash.o
 .bss           0x00000000        0x0 ..\obj\stm32f10x_flash.o
 .text.FLASH_HalfCycleAccessCmd
                0x00000000       0x30 ..\obj\stm32f10x_flash.o
 .text.FLASH_Unlock
                0x00000000       0x24 ..\obj\stm32f10x_flash.o
 .text.FLASH_UnlockBank1
                0x00000000       0x24 ..\obj\stm32f10x_flash.o
 .text.FLASH_Lock
                0x00000000       0x1c ..\obj\stm32f10x_flash.o
 .text.FLASH_LockBank1
                0x00000000       0x1c ..\obj\stm32f10x_flash.o
 .text.FLASH_ErasePage
                0x00000000       0x64 ..\obj\stm32f10x_flash.o
 .text.FLASH_EraseAllPages
                0x00000000       0x5c ..\obj\stm32f10x_flash.o
 .text.FLASH_EraseAllBank1Pages
                0x00000000       0x5c ..\obj\stm32f10x_flash.o
 .text.FLASH_EraseOptionBytes
                0x00000000       0xd4 ..\obj\stm32f10x_flash.o
 .text.FLASH_ProgramWord
                0x00000000       0x94 ..\obj\stm32f10x_flash.o
 .text.FLASH_ProgramHalfWord
                0x00000000       0x5c ..\obj\stm32f10x_flash.o
 .text.FLASH_ProgramOptionByteData
                0x00000000       0x78 ..\obj\stm32f10x_flash.o
 .text.FLASH_EnableWriteProtection
                0x00000000      0x118 ..\obj\stm32f10x_flash.o
 .text.FLASH_ReadOutProtection
                0x00000000       0xd4 ..\obj\stm32f10x_flash.o
 .text.FLASH_UserOptionByteConfig
                0x00000000       0x94 ..\obj\stm32f10x_flash.o
 .text.FLASH_GetUserOptionByte
                0x00000000       0x18 ..\obj\stm32f10x_flash.o
 .text.FLASH_GetWriteProtectionOptionByte
                0x00000000       0x18 ..\obj\stm32f10x_flash.o
 .text.FLASH_GetReadOutProtectionStatus
                0x00000000       0x34 ..\obj\stm32f10x_flash.o
 .text.FLASH_GetPrefetchBufferStatus
                0x00000000       0x34 ..\obj\stm32f10x_flash.o
 .text.FLASH_ITConfig
                0x00000000       0x3c ..\obj\stm32f10x_flash.o
 .text.FLASH_GetFlagStatus
                0x00000000       0x54 ..\obj\stm32f10x_flash.o
 .text.FLASH_ClearFlag
                0x00000000       0x1c ..\obj\stm32f10x_flash.o
 .text.FLASH_GetStatus
                0x00000000       0x58 ..\obj\stm32f10x_flash.o
 .text.FLASH_GetBank1Status
                0x00000000       0x58 ..\obj\stm32f10x_flash.o
 .text.FLASH_WaitForLastOperation
                0x00000000       0x44 ..\obj\stm32f10x_flash.o
 .text.FLASH_WaitForLastBank1Operation
                0x00000000       0x44 ..\obj\stm32f10x_flash.o
 .text          0x00000000        0x0 ..\obj\port.o
 .bss           0x00000000        0x0 ..\obj\port.o
 .rodata        0x00000000        0x4 ..\obj\port.o
 .text.vPortEndScheduler
                0x00000000        0xc ..\obj\port.o
 .text          0x00000000        0x0 ..\obj\queue.o
 .data          0x00000000        0x0 ..\obj\queue.o
 .bss           0x00000000        0x0 ..\obj\queue.o
 .text.xQueueGenericReset
                0x00000000       0xa4 ..\obj\queue.o
 .text.xQueueGenericCreate
                0x00000000       0x70 ..\obj\queue.o
 .text.xQueueGenericSend
                0x00000000      0x110 ..\obj\queue.o
 .text.xQueueGenericSendFromISR
                0x00000000       0x84 ..\obj\queue.o
 .text.xQueueGenericReceive
                0x00000000      0x144 ..\obj\queue.o
 .text.xQueueReceiveFromISR
                0x00000000       0x84 ..\obj\queue.o
 .text.uxQueueMessagesWaiting
                0x00000000       0x20 ..\obj\queue.o
 .text.uxQueueMessagesWaitingFromISR
                0x00000000       0x1c ..\obj\queue.o
 .text.vQueueDelete
                0x00000000       0x24 ..\obj\queue.o
 .text.prvCopyDataToQueue
                0x00000000       0xa0 ..\obj\queue.o
 .text.prvCopyDataFromQueue
                0x00000000       0x4c ..\obj\queue.o
 .text.prvUnlockQueue
                0x00000000       0x98 ..\obj\queue.o
 .text.prvIsQueueEmpty
                0x00000000       0x2c ..\obj\queue.o
 .text.xQueueIsQueueEmptyFromISR
                0x00000000       0x28 ..\obj\queue.o
 .text.prvIsQueueFull
                0x00000000       0x30 ..\obj\queue.o
 .text.xQueueIsQueueFullFromISR
                0x00000000       0x2c ..\obj\queue.o
 .debug_info    0x00000000      0x77d ..\obj\queue.o
 .debug_abbrev  0x00000000      0x16c ..\obj\queue.o
 .debug_aranges
                0x00000000       0x98 ..\obj\queue.o
 .debug_ranges  0x00000000       0x88 ..\obj\queue.o
 .debug_line    0x00000000      0x360 ..\obj\queue.o
 .debug_str     0x00000000      0x525 ..\obj\queue.o
 .comment       0x00000000       0x71 ..\obj\queue.o
 .ARM.attributes
                0x00000000       0x33 ..\obj\queue.o
 .debug_frame   0x00000000      0x204 ..\obj\queue.o
 .text          0x00000000        0x0 ..\obj\croutine.o
 .data          0x00000000        0x0 ..\obj\croutine.o
 .bss           0x00000000       0xa8 ..\obj\croutine.o
 .text.xCoRoutineCreate
                0x00000000       0xcc ..\obj\croutine.o
 .text.vCoRoutineAddToDelayedList
                0x00000000       0x84 ..\obj\croutine.o
 .text.prvCheckPendingReadyList
                0x00000000       0x78 ..\obj\croutine.o
 .text.prvCheckDelayedList
                0x00000000       0xf8 ..\obj\croutine.o
 .text.vCoRoutineSchedule
                0x00000000       0xa0 ..\obj\croutine.o
 .text.prvInitialiseCoRoutineLists
                0x00000000       0x68 ..\obj\croutine.o
 .text.xCoRoutineRemoveFromEventList
                0x00000000       0x50 ..\obj\croutine.o
 .debug_info    0x00000000      0x46a ..\obj\croutine.o
 .debug_abbrev  0x00000000      0x185 ..\obj\croutine.o
 .debug_aranges
                0x00000000       0x50 ..\obj\croutine.o
 .debug_ranges  0x00000000       0x40 ..\obj\croutine.o
 .debug_line    0x00000000      0x205 ..\obj\croutine.o
 .debug_str     0x00000000      0x451 ..\obj\croutine.o
 .comment       0x00000000       0x71 ..\obj\croutine.o
 .ARM.attributes
                0x00000000       0x33 ..\obj\croutine.o
 .debug_frame   0x00000000       0xf0 ..\obj\croutine.o
 .text          0x00000000        0x0 ..\obj\stm32f10x_spi.o
 .data          0x00000000        0x0 ..\obj\stm32f10x_spi.o
 .bss           0x00000000        0x0 ..\obj\stm32f10x_spi.o
 .text.I2S_Init
                0x00000000      0x164 ..\obj\stm32f10x_spi.o
 .text.SPI_StructInit
                0x00000000       0x48 ..\obj\stm32f10x_spi.o
 .text.I2S_StructInit
                0x00000000       0x38 ..\obj\stm32f10x_spi.o
 .text.I2S_Cmd  0x00000000       0x40 ..\obj\stm32f10x_spi.o
 .text.SPI_I2S_ITConfig
                0x00000000       0x60 ..\obj\stm32f10x_spi.o
 .text.SPI_I2S_DMACmd
                0x00000000       0x48 ..\obj\stm32f10x_spi.o
 .text.SPI_I2S_SendData
                0x00000000       0x1c ..\obj\stm32f10x_spi.o
 .text.SPI_I2S_ReceiveData
                0x00000000       0x1c ..\obj\stm32f10x_spi.o
 .text.SPI_NSSInternalSoftwareConfig
                0x00000000       0x44 ..\obj\stm32f10x_spi.o
 .text.SPI_SSOutputCmd
                0x00000000       0x40 ..\obj\stm32f10x_spi.o
 .text.SPI_DataSizeConfig
                0x00000000       0x38 ..\obj\stm32f10x_spi.o
 .text.SPI_TransmitCRC
                0x00000000       0x24 ..\obj\stm32f10x_spi.o
 .text.SPI_CalculateCRC
                0x00000000       0x40 ..\obj\stm32f10x_spi.o
 .text.SPI_GetCRC
                0x00000000       0x34 ..\obj\stm32f10x_spi.o
 .text.SPI_GetCRCPolynomial
                0x00000000       0x1c ..\obj\stm32f10x_spi.o
 .text.SPI_BiDirectionalLineConfig
                0x00000000       0x40 ..\obj\stm32f10x_spi.o
 .text.SPI_I2S_GetFlagStatus
                0x00000000       0x38 ..\obj\stm32f10x_spi.o
 .text.SPI_I2S_ClearFlag
                0x00000000       0x20 ..\obj\stm32f10x_spi.o
 .text.SPI_I2S_GetITStatus
                0x00000000       0x78 ..\obj\stm32f10x_spi.o
 .text.SPI_I2S_ClearITPendingBit
                0x00000000       0x34 ..\obj\stm32f10x_spi.o
 .text          0x00000000        0x0 ..\obj\heap_2.o
 .rodata        0x00000000        0x2 ..\obj\heap_2.o
 .text.xPortGetFreeHeapSize
                0x00000000       0x18 ..\obj\heap_2.o
 .text.vPortInitialiseBlocks
                0x00000000        0xc ..\obj\heap_2.o
 .text          0x00000000       0xec e:/dev/gcc-arm/4.8-2014q2/bin/../lib/gcc/arm-none-eabi/4.8.4/../../../../arm-none-eabi/lib/armv7-m\libg.a(lib_a-memcpy.o)
 .data          0x00000000        0x0 e:/dev/gcc-arm/4.8-2014q2/bin/../lib/gcc/arm-none-eabi/4.8.4/../../../../arm-none-eabi/lib/armv7-m\libg.a(lib_a-memcpy.o)
 .bss           0x00000000        0x0 e:/dev/gcc-arm/4.8-2014q2/bin/../lib/gcc/arm-none-eabi/4.8.4/../../../../arm-none-eabi/lib/armv7-m\libg.a(lib_a-memcpy.o)
 .ARM.attributes
                0x00000000       0x1b e:/dev/gcc-arm/4.8-2014q2/bin/../lib/gcc/arm-none-eabi/4.8.4/../../../../arm-none-eabi/lib/armv7-m\libg.a(lib_a-memcpy.o)
 .text          0x00000000        0x0 e:/dev/gcc-arm/4.8-2014q2/bin/../lib/gcc/arm-none-eabi/4.8.4/../../../../arm-none-eabi/lib/armv7-m\libg.a(lib_a-memset.o)
 .data          0x00000000        0x0 e:/dev/gcc-arm/4.8-2014q2/bin/../lib/gcc/arm-none-eabi/4.8.4/../../../../arm-none-eabi/lib/armv7-m\libg.a(lib_a-memset.o)
 .bss           0x00000000        0x0 e:/dev/gcc-arm/4.8-2014q2/bin/../lib/gcc/arm-none-eabi/4.8.4/../../../../arm-none-eabi/lib/armv7-m\libg.a(lib_a-memset.o)
 .text          0x00000000        0x0 e:/dev/gcc-arm/4.8-2014q2/bin/../lib/gcc/arm-none-eabi/4.8.4/../../../../arm-none-eabi/lib/armv7-m\libg.a(lib_a-strncpy.o)
 .data          0x00000000        0x0 e:/dev/gcc-arm/4.8-2014q2/bin/../lib/gcc/arm-none-eabi/4.8.4/../../../../arm-none-eabi/lib/armv7-m\libg.a(lib_a-strncpy.o)
 .bss           0x00000000        0x0 e:/dev/gcc-arm/4.8-2014q2/bin/../lib/gcc/arm-none-eabi/4.8.4/../../../../arm-none-eabi/lib/armv7-m\libg.a(lib_a-strncpy.o)

Memory Configuration

Name             Origin             Length             Attributes
rom              0x08000000         0x00020000         xr
ram              0x20000000         0x00002000         xrw
*default*        0x00000000         0xffffffff

Linker script and memory map

                0x20002000                _eram = 0x20002000

.text           0x08000000     0x1b9c
 *(.isr_vector)
 .isr_vector    0x08000000      0x124 ..\obj\startup_stm32f10x_md_vl.o
                0x08000000                g_pfnVectors
 *(.text*)
 .text.Default_Reset_Handler
                0x08000124       0x60 ..\obj\startup_stm32f10x_md_vl.o
                0x08000124                Default_Reset_Handler
                0x08000124                Reset_Handler
 .text.Default_Handler
                0x08000184        0x8 ..\obj\startup_stm32f10x_md_vl.o
                0x08000184                EXTI2_IRQHandler
                0x08000184                DebugMon_Handler
                0x08000184                TIM1_CC_IRQHandler
                0x08000184                HardFault_Handler
                0x08000184                PVD_IRQHandler
                0x08000184                NMI_Handler
                0x08000184                EXTI3_IRQHandler
                0x08000184                EXTI0_IRQHandler
                0x08000184                I2C2_EV_IRQHandler
                0x08000184                TIM1_UP_TIM16_IRQHandler
                0x08000184                UsageFault_Handler
                0x08000184                SPI1_IRQHandler
                0x08000184                TAMPER_IRQHandler
                0x08000184                TIM6_DAC_IRQHandler
                0x08000184                DMA1_Channel4_IRQHandler
                0x08000184                ADC1_IRQHandler
                0x08000184                USART3_IRQHandler
                0x08000184                RTC_IRQHandler
                0x08000184                DMA1_Channel7_IRQHandler
                0x08000184                TIM4_IRQHandler
                0x08000184                I2C1_EV_IRQHandler
                0x08000184                DMA1_Channel6_IRQHandler
                0x08000184                TIM3_IRQHandler
                0x08000184                RCC_IRQHandler
                0x08000184                DMA1_Channel1_IRQHandler
                0x08000184                CEC_IRQHandler
                0x08000184                EXTI15_10_IRQHandler
                0x08000184                TIM7_IRQHandler
                0x08000184                EXTI9_5_IRQHandler
                0x08000184                SPI2_IRQHandler
                0x08000184                MemManage_Handler
                0x08000184                DMA1_Channel5_IRQHandler
                0x08000184                EXTI4_IRQHandler
                0x08000184                TIM1_TRG_COM_TIM17_IRQHandler
                0x08000184                DMA1_Channel3_IRQHandler
                0x08000184                WWDG_IRQHandler
                0x08000184                TIM2_IRQHandler
                0x08000184                EXTI1_IRQHandler
                0x08000184                RTCAlarm_IRQHandler
                0x08000184                USART2_IRQHandler
                0x08000184                I2C2_ER_IRQHandler
                0x08000184                DMA1_Channel2_IRQHandler
                0x08000184                FLASH_IRQHandler
                0x08000184                BusFault_Handler
                0x08000184                USART1_IRQHandler
                0x08000184                I2C1_ER_IRQHandler
                0x08000184                TIM1_BRK_TIM15_IRQHandler
 .text.SystemInit
                0x0800018c       0x6c ..\obj\system_stm32f10x.o
                0x0800018c                SystemInit
 .text.SetSysClock
                0x080001f8        0xc ..\obj\system_stm32f10x.o
 .text.SetSysClockTo24
                0x08000204       0xd4 ..\obj\system_stm32f10x.o
 .text.GPIO_Init
                0x080002d8      0x178 ..\obj\stm32f10x_gpio.o
                0x080002d8                GPIO_Init
 .text.GPIO_ReadInputDataBit
                0x08000450       0x34 ..\obj\stm32f10x_gpio.o
                0x08000450                GPIO_ReadInputDataBit
 .text.GPIO_SetBits
                0x08000484       0x1c ..\obj\stm32f10x_gpio.o
                0x08000484                GPIO_SetBits
 .text.GPIO_ResetBits
                0x080004a0       0x1c ..\obj\stm32f10x_gpio.o
                0x080004a0                GPIO_ResetBits
 .text.SPI1_send
                0x080004bc       0x5c ..\obj\main.o
                0x080004bc                SPI1_send
 .text.nrf_read_reg
                0x08000518       0x40 ..\obj\main.o
                0x08000518                nrf_read_reg
 .text.nrf_write_reg
                0x08000558       0x48 ..\obj\main.o
                0x08000558                nrf_write_reg
 .text.nrf_send_byte
                0x080005a0       0x48 ..\obj\main.o
                0x080005a0                nrf_send_byte
 .text.vSPI     0x080005e8      0x1a8 ..\obj\main.o
                0x080005e8                vSPI
 .text.SetSysClockTo24
                0x08000790       0x7c ..\obj\main.o
                0x08000790                SetSysClockTo24
 .text.vLed     0x0800080c       0x54 ..\obj\main.o
                0x0800080c                vLed
 .text.main     0x08000860       0x60 ..\obj\main.o
                0x08000860                main
 .text.RCC_DeInit
                0x080008c0       0x64 ..\obj\stm32f10x_rcc.o
                0x080008c0                RCC_DeInit
 .text.RCC_HSEConfig
                0x08000924       0x5c ..\obj\stm32f10x_rcc.o
                0x08000924                RCC_HSEConfig
 .text.RCC_WaitForHSEStartUp
                0x08000980       0x50 ..\obj\stm32f10x_rcc.o
                0x08000980                RCC_WaitForHSEStartUp
 .text.RCC_PLLConfig
                0x080009d0       0x3c ..\obj\stm32f10x_rcc.o
                0x080009d0                RCC_PLLConfig
 .text.RCC_PLLCmd
                0x08000a0c       0x20 ..\obj\stm32f10x_rcc.o
                0x08000a0c                RCC_PLLCmd
 .text.RCC_SYSCLKConfig
                0x08000a2c       0x38 ..\obj\stm32f10x_rcc.o
                0x08000a2c                RCC_SYSCLKConfig
 .text.RCC_GetSYSCLKSource
                0x08000a64       0x20 ..\obj\stm32f10x_rcc.o
                0x08000a64                RCC_GetSYSCLKSource
 .text.RCC_HCLKConfig
                0x08000a84       0x38 ..\obj\stm32f10x_rcc.o
                0x08000a84                RCC_HCLKConfig
 .text.RCC_PCLK1Config
                0x08000abc       0x38 ..\obj\stm32f10x_rcc.o
                0x08000abc                RCC_PCLK1Config
 .text.RCC_PCLK2Config
                0x08000af4       0x38 ..\obj\stm32f10x_rcc.o
                0x08000af4                RCC_PCLK2Config
 .text.RCC_APB2PeriphClockCmd
                0x08000b2c       0x3c ..\obj\stm32f10x_rcc.o
                0x08000b2c                RCC_APB2PeriphClockCmd
 .text.RCC_APB2PeriphResetCmd
                0x08000b68       0x3c ..\obj\stm32f10x_rcc.o
                0x08000b68                RCC_APB2PeriphResetCmd
 .text.RCC_APB1PeriphResetCmd
                0x08000ba4       0x3c ..\obj\stm32f10x_rcc.o
                0x08000ba4                RCC_APB1PeriphResetCmd
 .text.RCC_GetFlagStatus
                0x08000be0       0x74 ..\obj\stm32f10x_rcc.o
                0x08000be0                RCC_GetFlagStatus
 .text.xTaskGenericCreate
                0x08000c54      0x150 ..\obj\tasks.o
                0x08000c54                xTaskGenericCreate
 .text.vTaskDelay
                0x08000da4       0x50 ..\obj\tasks.o
                0x08000da4                vTaskDelay
 .text.vTaskStartScheduler
                0x08000df4       0x54 ..\obj\tasks.o
                0x08000df4                vTaskStartScheduler
 .text.vTaskSuspendAll
                0x08000e48       0x1c ..\obj\tasks.o
                0x08000e48                vTaskSuspendAll
 .text.xTaskResumeAll
                0x08000e64       0xf4 ..\obj\tasks.o
                0x08000e64                xTaskResumeAll
 .text.vTaskIncrementTick
                0x08000f58      0x12c ..\obj\tasks.o
                0x08000f58                vTaskIncrementTick
 .text.vTaskSwitchContext
                0x08001084       0x94 ..\obj\tasks.o
                0x08001084                vTaskSwitchContext
 .text.prvIdleTask
                0x08001118       0x20 ..\obj\tasks.o
 .text.prvInitialiseTCBVariables
                0x08001138       0x64 ..\obj\tasks.o
 .text.prvInitialiseTaskLists
                0x0800119c       0x68 ..\obj\tasks.o
 .text.prvCheckTasksWaitingTermination
                0x08001204        0xc ..\obj\tasks.o
 .text.prvAddCurrentTaskToDelayedList
                0x08001210       0x6c ..\obj\tasks.o
 .text.prvAllocateTCBAndStack
                0x0800127c       0x64 ..\obj\tasks.o
 .text.vListInitialise
                0x080012e0       0x40 ..\obj\list.o
                0x080012e0                vListInitialise
 .text.vListInitialiseItem
                0x08001320       0x18 ..\obj\list.o
                0x08001320                vListInitialiseItem
 .text.vListInsertEnd
                0x08001338       0x50 ..\obj\list.o
                0x08001338                vListInsertEnd
 .text.vListInsert
                0x08001388       0x70 ..\obj\list.o
                0x08001388                vListInsert
 .text.uxListRemove
                0x080013f8       0x54 ..\obj\list.o
                0x080013f8                uxListRemove
 .text.FLASH_SetLatency
                0x0800144c       0x38 ..\obj\stm32f10x_flash.o
                0x0800144c                FLASH_SetLatency
 .text.FLASH_PrefetchBufferCmd
                0x08001484       0x30 ..\obj\stm32f10x_flash.o
                0x08001484                FLASH_PrefetchBufferCmd
 .text.pxPortInitialiseStack
                0x080014b4       0x54 ..\obj\port.o
                0x080014b4                pxPortInitialiseStack
 .text.SVC_Handler
                0x08001508       0x20 ..\obj\port.o
                0x08001508                SVC_Handler
 .text.prvPortStartFirstTask
                0x08001528       0x14 ..\obj\port.o
 .text.xPortStartScheduler
                0x0800153c       0x38 ..\obj\port.o
                0x0800153c                xPortStartScheduler
 .text.vPortYieldFromISR
                0x08001574       0x18 ..\obj\port.o
                0x08001574                vPortYieldFromISR
 .text.vPortEnterCritical
                0x0800158c       0x18 ..\obj\port.o
                0x0800158c                vPortEnterCritical
 .text.vPortExitCritical
                0x080015a4       0x24 ..\obj\port.o
                0x080015a4                vPortExitCritical
 .text.ulPortSetInterruptMask
                0x080015c8       0x14 ..\obj\port.o
                0x080015c8                ulPortSetInterruptMask
 .text.vPortClearInterruptMask
                0x080015dc        0x8 ..\obj\port.o
                0x080015dc                vPortClearInterruptMask
 .text.PendSV_Handler
                0x080015e4       0x3c ..\obj\port.o
                0x080015e4                PendSV_Handler
 .text.SysTick_Handler
                0x08001620       0x20 ..\obj\port.o
                0x08001620                SysTick_Handler
 .text.vPortSetupTimerInterrupt
                0x08001640       0x24 ..\obj\port.o
                0x08001640                vPortSetupTimerInterrupt
 .text.SPI_I2S_DeInit
                0x08001664       0x74 ..\obj\stm32f10x_spi.o
                0x08001664                SPI_I2S_DeInit
 .text.SPI_Init
                0x080016d8       0x88 ..\obj\stm32f10x_spi.o
                0x080016d8                SPI_Init
 .text.SPI_Cmd  0x08001760       0x40 ..\obj\stm32f10x_spi.o
                0x08001760                SPI_Cmd
 .text.pvPortMalloc
                0x080017a0      0x118 ..\obj\heap_2.o
                0x080017a0                pvPortMalloc
 .text.vPortFree
                0x080018b8       0x70 ..\obj\heap_2.o
                0x080018b8                vPortFree
 .text.prvHeapInit
                0x08001928       0x50 ..\obj\heap_2.o
 .text.memset   0x08001978       0x94 e:/dev/gcc-arm/4.8-2014q2/bin/../lib/gcc/arm-none-eabi/4.8.4/../../../../arm-none-eabi/lib/armv7-m\libg.a(lib_a-memset.o)
                0x08001978                memset
 .text.strncpy  0x08001a0c       0x64 e:/dev/gcc-arm/4.8-2014q2/bin/../lib/gcc/arm-none-eabi/4.8.4/../../../../arm-none-eabi/lib/armv7-m\libg.a(lib_a-strncpy.o)
                0x08001a0c                strncpy
 *(.init)
 *(.fini)
 *crtbegin.o(.ctors)
 *crtbegin?.o(.ctors)
 *(EXCLUDE_FILE(*crtend.o *crtend?.o) .ctors)
 *(SORT(.ctors.*))
 *(.ctors)
 *crtbegin.o(.dtors)
 *crtbegin?.o(.dtors)
 *(EXCLUDE_FILE(*crtend.o *crtend?.o) .dtors)
 *(SORT(.dtors.*))
 *(.dtors)
 *(.rodata*)
 .rodata        0x08001a70      0x124 ..\obj\main.o
                0x08001a70                FEND
                0x08001a71                FESC
                0x08001a72                TFEND
                0x08001a73                TFESC
                0x08001a74                crc8Table
 .rodata        0x08001b94        0x8 ..\obj\tasks.o
 *(.eh_fram e*)

.glue_7         0x08001b9c        0x0
 .glue_7        0x00000000        0x0 linker stubs

.glue_7t        0x08001b9c        0x0
 .glue_7t       0x00000000        0x0 linker stubs

.vfp11_veneer   0x08001b9c        0x0
 .vfp11_veneer  0x00000000        0x0 linker stubs

.v4_bx          0x08001b9c        0x0
 .v4_bx         0x00000000        0x0 linker stubs

.iplt           0x08001b9c        0x0
 .iplt          0x00000000        0x0 ..\obj\startup_stm32f10x_md_vl.o

.rel.dyn        0x08001b9c        0x0
 .rel.iplt      0x00000000        0x0 ..\obj\startup_stm32f10x_md_vl.o

.ARM.extab
 *(.ARM.extab* .gnu.linkonce.armextab.*)
                0x08001b9c                __exidx_start = .

.ARM.exidx
 *(.ARM.exidx* .gnu.linkonce.armexidx.*)
                0x08001b9c                __exidx_end = .
                0x08001b9c                __etext = .
                0x08001b9c                _sidata = __etext

.data           0x20000000        0xc load address 0x08001b9c
                0x20000000                __data_start__ = .
                0x20000000                _sdata = __data_start__
 *(vtable)
 *(.data*)
 .data          0x20000000        0x4 ..\obj\tasks.o
 .data          0x20000004        0x4 ..\obj\port.o
 .data          0x20000008        0x4 ..\obj\heap_2.o
                0x2000000c                . = ALIGN (0x4)
                0x2000000c                PROVIDE (__preinit_array_start, .)
 *(.preinit_array)
                0x2000000c                PROVIDE (__preinit_array_end, .)
                0x2000000c                . = ALIGN (0x4)
                0x2000000c                PROVIDE (__init_array_start, .)
 *(SORT(.init_array.*))
 *(.init_array)
                0x2000000c                PROVIDE (__init_array_end, .)
                0x2000000c                . = ALIGN (0x4)
                0x2000000c                PROVIDE (__fini_array_start, .)
 *(SORT(.fini_array.*))
 *(.fini_array)
                0x2000000c                PROVIDE (__fini_array_end, .)
 *(.jcr*)
                0x2000000c                . = ALIGN (0x4)
                0x2000000c                __data_end__ = .
                0x2000000c                _edata = __data_end__

.igot.plt       0x2000000c        0x0 load address 0x08001ba8
 .igot.plt      0x00000000        0x0 ..\obj\startup_stm32f10x_md_vl.o

.bss            0x2000000c      0xce8 load address 0x08001ba8
                0x2000000c                . = ALIGN (0x4)
                0x2000000c                __bss_start__ = .
                0x2000000c                _sbss = __bss_start__
 *(.bss*)
 .bss           0x2000000c       0xd4 ..\obj\tasks.o
                0x2000000c                pxCurrentTCB
 .bss           0x200000e0      0xc14 ..\obj\heap_2.o
 *(COMMON)
                0x20000cf4                . = ALIGN (0x4)
                0x20000cf4                __bss_end__ = .
                0x20000cf4                _ebss = __bss_end__

.heap           0x20000cf4        0x0
                0x20000cf4                __end__ = .
                0x20000cf4                _end = __end__
                0x20000cf4                end = __end__
 *(.heap*)
                0x20000cf4                __HeapLimit = .

.co_stack       0x20000cf4      0x404 load address 0x08002890
                0x20000cf8                . = ALIGN (0x8)
 *fill*         0x20000cf4        0x4 
 *(.co_stack .co_stack.*)
 .co_stack      0x20000cf8      0x400 ..\obj\startup_stm32f10x_md_vl.o
                0x20000cf8                pulStack
                0x20002000                __StackTop = (ORIGIN (ram) + 0x2000)
                0x20001bfc                __StackLimit = (__StackTop - SIZEOF (.co_stack))
                0x20002000                PROVIDE (__stack, __StackTop)
                0x00000001                ASSERT ((__StackLimit >= __HeapLimit), region ram  overflowed with stack)
LOAD ..\obj\startup_stm32f10x_md_vl.o
LOAD ..\obj\core_cm3.o
LOAD ..\obj\system_stm32f10x.o
LOAD ..\obj\hd44780_driver.o
LOAD ..\obj\stm32f10x_gpio.o
LOAD ..\obj\main.o
LOAD ..\obj\timers.o
LOAD ..\obj\stm32f10x_rcc.o
LOAD ..\obj\tasks.o
LOAD ..\obj\stm32f10x_usart.o
LOAD ..\obj\list.o
LOAD ..\obj\stm32f10x_flash.o
LOAD ..\obj\port.o
LOAD ..\obj\queue.o
LOAD ..\obj\croutine.o
LOAD ..\obj\stm32f10x_spi.o
LOAD ..\obj\heap_2.o
START GROUP
LOAD e:/dev/gcc-arm/4.8-2014q2/bin/../lib/gcc/arm-none-eabi/4.8.4/armv7-m\libgcc.a
LOAD e:/dev/gcc-arm/4.8-2014q2/bin/../lib/gcc/arm-none-eabi/4.8.4/../../../../arm-none-eabi/lib/armv7-m\libg.a
LOAD e:/dev/gcc-arm/4.8-2014q2/bin/../lib/gcc/arm-none-eabi/4.8.4/../../../../arm-none-eabi/lib/armv7-m\libc.a
END GROUP
OUTPUT(dithard-stm32f100.elf elf32-littlearm)

.debug_info     0x00000000     0x3fbe
 .debug_info    0x00000000       0xe9 ..\obj\startup_stm32f10x_md_vl.o
 .debug_info    0x000000e9      0x3d5 ..\obj\system_stm32f10x.o
 .debug_info    0x000004be      0x6d1 ..\obj\stm32f10x_gpio.o
 .debug_info    0x00000b8f      0xac1 ..\obj\main.o
 .debug_info    0x00001650      0x8e4 ..\obj\stm32f10x_rcc.o
 .debug_info    0x00001f34      0x928 ..\obj\tasks.o
 .debug_info    0x0000285c      0x283 ..\obj\list.o
 .debug_info    0x00002adf      0x79b ..\obj\stm32f10x_flash.o
 .debug_info    0x0000327a      0x1dc ..\obj\port.o
 .debug_info    0x00003456      0x8dd ..\obj\stm32f10x_spi.o
 .debug_info    0x00003d33      0x28b ..\obj\heap_2.o

.debug_abbrev   0x00000000     0x100c
 .debug_abbrev  0x00000000       0xa7 ..\obj\startup_stm32f10x_md_vl.o
 .debug_abbrev  0x000000a7      0x177 ..\obj\system_stm32f10x.o
 .debug_abbrev  0x0000021e      0x1c8 ..\obj\stm32f10x_gpio.o
 .debug_abbrev  0x000003e6      0x22c ..\obj\main.o
 .debug_abbrev  0x00000612      0x1ba ..\obj\stm32f10x_rcc.o
 .debug_abbrev  0x000007cc      0x1c9 ..\obj\tasks.o
 .debug_abbrev  0x00000995       0xbc ..\obj\list.o
 .debug_abbrev  0x00000a51      0x18b ..\obj\stm32f10x_flash.o
 .debug_abbrev  0x00000bdc      0x162 ..\obj\port.o
 .debug_abbrev  0x00000d3e      0x17e ..\obj\stm32f10x_spi.o
 .debug_abbrev  0x00000ebc      0x150 ..\obj\heap_2.o

.debug_aranges  0x00000000      0x650
 .debug_aranges
                0x00000000       0x28 ..\obj\startup_stm32f10x_md_vl.o
 .debug_aranges
                0x00000028       0x38 ..\obj\system_stm32f10x.o
 .debug_aranges
                0x00000060       0xa8 ..\obj\stm32f10x_gpio.o
 .debug_aranges
                0x00000108       0x98 ..\obj\main.o
 .debug_aranges
                0x000001a0      0x120 ..\obj\stm32f10x_rcc.o
 .debug_aranges
                0x000002c0       0xc8 ..\obj\tasks.o
 .debug_aranges
                0x00000388       0x40 ..\obj\list.o
 .debug_aranges
                0x000003c8       0xf8 ..\obj\stm32f10x_flash.o
 .debug_aranges
                0x000004c0       0x80 ..\obj\port.o
 .debug_aranges
                0x00000540       0xd0 ..\obj\stm32f10x_spi.o
 .debug_aranges
                0x00000610       0x40 ..\obj\heap_2.o

.debug_ranges   0x00000000      0x5a0
 .debug_ranges  0x00000000       0x18 ..\obj\startup_stm32f10x_md_vl.o
 .debug_ranges  0x00000018       0x28 ..\obj\system_stm32f10x.o
 .debug_ranges  0x00000040       0x98 ..\obj\stm32f10x_gpio.o
 .debug_ranges  0x000000d8       0x88 ..\obj\main.o
 .debug_ranges  0x00000160      0x110 ..\obj\stm32f10x_rcc.o
 .debug_ranges  0x00000270       0xb8 ..\obj\tasks.o
 .debug_ranges  0x00000328       0x30 ..\obj\list.o
 .debug_ranges  0x00000358       0xe8 ..\obj\stm32f10x_flash.o
 .debug_ranges  0x00000440       0x70 ..\obj\port.o
 .debug_ranges  0x000004b0       0xc0 ..\obj\stm32f10x_spi.o
 .debug_ranges  0x00000570       0x30 ..\obj\heap_2.o

.debug_line     0x00000000     0x21f0
 .debug_line    0x00000000       0xb3 ..\obj\startup_stm32f10x_md_vl.o
 .debug_line    0x000000b3      0x1ef ..\obj\system_stm32f10x.o
 .debug_line    0x000002a2      0x3a1 ..\obj\stm32f10x_gpio.o
 .debug_line    0x00000643      0x56a ..\obj\main.o
 .debug_line    0x00000bad      0x4c7 ..\obj\stm32f10x_rcc.o
 .debug_line    0x00001074      0x420 ..\obj\tasks.o
 .debug_line    0x00001494      0x145 ..\obj\list.o
 .debug_line    0x000015d9      0x4cc ..\obj\stm32f10x_flash.o
 .debug_line    0x00001aa5      0x1c9 ..\obj\port.o
 .debug_line    0x00001c6e      0x414 ..\obj\stm32f10x_spi.o
 .debug_line    0x00002082      0x16e ..\obj\heap_2.o

.debug_str      0x00000000     0x2039
 .debug_str     0x00000000      0x146 ..\obj\startup_stm32f10x_md_vl.o
                                0x158 (size before relaxing)
 .debug_str     0x00000146      0x1ec ..\obj\system_stm32f10x.o
                                0x2d8 (size before relaxing)
 .debug_str     0x00000332      0x3b4 ..\obj\stm32f10x_gpio.o
                                0x51d (size before relaxing)
 .debug_str     0x000006e6      0x443 ..\obj\main.o
                                0x727 (size before relaxing)
 .debug_str     0x00000b29      0x411 ..\obj\stm32f10x_rcc.o
                                0x671 (size before relaxing)
 .debug_str     0x00000f3a      0x61f ..\obj\tasks.o
                                0x759 (size before relaxing)
 .debug_str     0x00001559       0xd7 ..\obj\list.o
                                0x283 (size before relaxing)
 .debug_str     0x00001630      0x439 ..\obj\stm32f10x_flash.o
                                0x5ec (size before relaxing)
 .debug_str     0x00001a69      0x178 ..\obj\port.o
                                0x277 (size before relaxing)
 .debug_str     0x00001be1      0x2e0 ..\obj\stm32f10x_spi.o
                                0x601 (size before relaxing)
 .debug_str     0x00001ec1      0x178 ..\obj\heap_2.o
                                0x298 (size before relaxing)

.comment        0x00000000       0x70
 .comment       0x00000000       0x70 ..\obj\startup_stm32f10x_md_vl.o
                                 0x71 (size before relaxing)
 .comment       0x00000000       0x71 ..\obj\system_stm32f10x.o
 .comment       0x00000000       0x71 ..\obj\stm32f10x_gpio.o
 .comment       0x00000000       0x71 ..\obj\main.o
 .comment       0x00000000       0x71 ..\obj\stm32f10x_rcc.o
 .comment       0x00000000       0x71 ..\obj\tasks.o
 .comment       0x00000000       0x71 ..\obj\list.o
 .comment       0x00000000       0x71 ..\obj\stm32f10x_flash.o
 .comment       0x00000000       0x71 ..\obj\port.o
 .comment       0x00000000       0x71 ..\obj\stm32f10x_spi.o
 .comment       0x00000000       0x71 ..\obj\heap_2.o

.ARM.attributes
                0x00000000       0x31
 .ARM.attributes
                0x00000000       0x33 ..\obj\startup_stm32f10x_md_vl.o
 .ARM.attributes
                0x00000033       0x33 ..\obj\system_stm32f10x.o
 .ARM.attributes
                0x00000066       0x33 ..\obj\stm32f10x_gpio.o
 .ARM.attributes
                0x00000099       0x33 ..\obj\main.o
 .ARM.attributes
                0x000000cc       0x33 ..\obj\stm32f10x_rcc.o
 .ARM.attributes
                0x000000ff       0x33 ..\obj\tasks.o
 .ARM.attributes
                0x00000132       0x33 ..\obj\list.o
 .ARM.attributes
                0x00000165       0x33 ..\obj\stm32f10x_flash.o
 .ARM.attributes
                0x00000198       0x33 ..\obj\port.o
 .ARM.attributes
                0x000001cb       0x33 ..\obj\stm32f10x_spi.o
 .ARM.attributes
                0x000001fe       0x33 ..\obj\heap_2.o
 .ARM.attributes
                0x00000231       0x2d e:/dev/gcc-arm/4.8-2014q2/bin/../lib/gcc/arm-none-eabi/4.8.4/../../../../arm-none-eabi/lib/armv7-m\libg.a(lib_a-memset.o)
 .ARM.attributes
                0x0000025e       0x2d e:/dev/gcc-arm/4.8-2014q2/bin/../lib/gcc/arm-none-eabi/4.8.4/../../../../arm-none-eabi/lib/armv7-m\libg.a(lib_a-strncpy.o)

.debug_frame    0x00000000     0x13c0
 .debug_frame   0x00000000       0x48 ..\obj\startup_stm32f10x_md_vl.o
 .debug_frame   0x00000048       0x80 ..\obj\system_stm32f10x.o
 .debug_frame   0x000000c8      0x210 ..\obj\stm32f10x_gpio.o
 .debug_frame   0x000002d8      0x208 ..\obj\main.o
 .debug_frame   0x000004e0      0x3a4 ..\obj\stm32f10x_rcc.o
 .debug_frame   0x00000884      0x2a4 ..\obj\tasks.o
 .debug_frame   0x00000b28       0x9c ..\obj\list.o
 .debug_frame   0x00000bc4      0x338 ..\obj\stm32f10x_flash.o
 .debug_frame   0x00000efc      0x134 ..\obj\port.o
 .debug_frame   0x00001030      0x29c ..\obj\stm32f10x_spi.o
 .debug_frame   0x000012cc       0x9c ..\obj\heap_2.o
 .debug_frame   0x00001368       0x2c e:/dev/gcc-arm/4.8-2014q2/bin/../lib/gcc/arm-none-eabi/4.8.4/../../../../arm-none-eabi/lib/armv7-m\libg.a(lib_a-memset.o)
 .debug_frame   0x00001394       0x2c e:/dev/gcc-arm/4.8-2014q2/bin/../lib/gcc/arm-none-eabi/4.8.4/../../../../arm-none-eabi/lib/armv7-m\libg.a(lib_a-strncpy.o)
